[    0.000000] Initializing cgroup subsys cpuset
[    0.000000] Initializing cgroup subsys cpu
[    0.000000] Initializing cgroup subsys cpuacct
[    0.000000] Linux version 4.4.0-210-generic (buildd@lgw01-amd64-009) (gcc version 5.4.0 20160609 (Ubuntu 5.4.0-6ubuntu1~16.04.12) ) #242-Ubuntu SMP Fri Apr 16 09:57:56 UTC 2021 (Ubuntu 4.4.0-210.242-generic 4.4.262)
[    0.000000] Command line: BOOT_IMAGE=/boot/vmlinuz-4.4.0-210-generic root=LABEL=cloudimg-rootfs ro console=tty1 console=ttyS0
[    0.000000] KERNEL supported cpus:
[    0.000000]   Intel GenuineIntel
[    0.000000]   AMD AuthenticAMD
[    0.000000]   Centaur CentaurHauls
[    0.000000] [Firmware Bug]: TSC doesn't count with P0 frequency!
[    0.000000] x86/fpu: xstate_offset[2]:  576, xstate_sizes[2]:  256
[    0.000000] x86/fpu: Supporting XSAVE feature 0x01: 'x87 floating point registers'
[    0.000000] x86/fpu: Supporting XSAVE feature 0x02: 'SSE registers'
[    0.000000] x86/fpu: Supporting XSAVE feature 0x04: 'AVX registers'
[    0.000000] x86/fpu: Enabled xstate features 0x7, context size is 832 bytes, using 'standard' format.
[    0.000000] e820: BIOS-provided physical RAM map:
[    0.000000] BIOS-e820: [mem 0x0000000000000000-0x000000000009fbff] usable
[    0.000000] BIOS-e820: [mem 0x000000000009fc00-0x000000000009ffff] reserved
[    0.000000] BIOS-e820: [mem 0x00000000000f0000-0x00000000000fffff] reserved
[    0.000000] BIOS-e820: [mem 0x0000000000100000-0x000000003ffeffff] usable
[    0.000000] BIOS-e820: [mem 0x000000003fff0000-0x000000003fffffff] ACPI data
[    0.000000] BIOS-e820: [mem 0x00000000fec00000-0x00000000fec00fff] reserved
[    0.000000] BIOS-e820: [mem 0x00000000fee00000-0x00000000fee00fff] reserved
[    0.000000] BIOS-e820: [mem 0x00000000fffc0000-0x00000000ffffffff] reserved
[    0.000000] NX (Execute Disable) protection: active
[    0.000000] SMBIOS 2.5 present.
[    0.000000] Hypervisor detected: KVM
[    0.000000] Kernel/User page tables isolation: disabled
[    0.000000] e820: last_pfn = 0x3fff0 max_arch_pfn = 0x400000000
[    0.000000] MTRR: Disabled
[    0.000000] x86/PAT: MTRRs disabled, skipping PAT initialization too.
[    0.000000] CPU MTRRs all blank - virtualized system.
[    0.000000] x86/PAT: Configuration [0-7]: WB  WT  UC- UC  WB  WT  UC- UC  
[    0.000000] found SMP MP-table at [mem 0x0009fff0-0x0009ffff] mapped at [ffff88000009fff0]
[    0.000000] Scanning 1 areas for low memory corruption
[    0.000000] RAMDISK: [mem 0x362dc000-0x37165fff]
[    0.000000] ACPI: Early table checksum verification disabled
[    0.000000] ACPI: RSDP 0x00000000000E0000 000024 (v02 VBOX  )
[    0.000000] ACPI: XSDT 0x000000003FFF0030 00003C (v01 VBOX   VBOXXSDT 00000001 ASL  00000061)
[    0.000000] ACPI: FACP 0x000000003FFF00F0 0000F4 (v04 VBOX   VBOXFACP 00000001 ASL  00000061)
[    0.000000] ACPI: DSDT 0x000000003FFF0470 002325 (v02 VBOX   VBOXBIOS 00000002 INTL 20100528)
[    0.000000] ACPI: FACS 0x000000003FFF0200 000040
[    0.000000] ACPI: FACS 0x000000003FFF0200 000040
[    0.000000] ACPI: APIC 0x000000003FFF0240 00005C (v02 VBOX   VBOXAPIC 00000001 ASL  00000061)
[    0.000000] ACPI: SSDT 0x000000003FFF02A0 0001CC (v01 VBOX   VBOXCPUT 00000002 INTL 20100528)
[    0.000000] No NUMA configuration found
[    0.000000] Faking a node at [mem 0x0000000000000000-0x000000003ffeffff]
[    0.000000] NODE_DATA(0) allocated [mem 0x3ffeb000-0x3ffeffff]
[    0.000000] kvm-clock: Using msrs 4b564d01 and 4b564d00
[    0.000000] kvm-clock: cpu 0, msr 0:3ffe3001, primary cpu clock
[    0.000000] kvm-clock: using sched offset of 3166754022 cycles
[    0.000000] clocksource: kvm-clock: mask: 0xffffffffffffffff max_cycles: 0x1cd42e4dffb, max_idle_ns: 881590591483 ns
[    0.000000] Zone ranges:
[    0.000000]   DMA      [mem 0x0000000000001000-0x0000000000ffffff]
[    0.000000]   DMA32    [mem 0x0000000001000000-0x000000003ffeffff]
[    0.000000]   Normal   empty
[    0.000000]   Device   empty
[    0.000000] Movable zone start for each node
[    0.000000] Early memory node ranges
[    0.000000]   node   0: [mem 0x0000000000001000-0x000000000009efff]
[    0.000000]   node   0: [mem 0x0000000000100000-0x000000003ffeffff]
[    0.000000] Initmem setup node 0 [mem 0x0000000000001000-0x000000003ffeffff]
[    0.000000] ACPI: PM-Timer IO Port: 0x4008
[    0.000000] IOAPIC[0]: apic_id 2, version 32, address 0xfec00000, GSI 0-23
[    0.000000] ACPI: INT_SRC_OVR (bus 0 bus_irq 0 global_irq 2 dfl dfl)
[    0.000000] ACPI: INT_SRC_OVR (bus 0 bus_irq 9 global_irq 9 low level)
[    0.000000] Using ACPI (MADT) for SMP configuration information
[    0.000000] smpboot: Allowing 2 CPUs, 0 hotplug CPUs
[    0.000000] PM: Registered nosave memory: [mem 0x00000000-0x00000fff]
[    0.000000] PM: Registered nosave memory: [mem 0x0009f000-0x0009ffff]
[    0.000000] PM: Registered nosave memory: [mem 0x000a0000-0x000effff]
[    0.000000] PM: Registered nosave memory: [mem 0x000f0000-0x000fffff]
[    0.000000] e820: [mem 0x40000000-0xfebfffff] available for PCI devices
[    0.000000] Booting paravirtualized kernel on KVM
[    0.000000] clocksource: refined-jiffies: mask: 0xffffffff max_cycles: 0xffffffff, max_idle_ns: 7645519600211568 ns
[    0.000000] setup_percpu: NR_CPUS:512 nr_cpumask_bits:512 nr_cpu_ids:2 nr_node_ids:1
[    0.000000] PERCPU: Embedded 33 pages/cpu @ffff88003fc00000 s95192 r8192 d31784 u1048576
[    0.000000] Built 1 zonelists in Node order, mobility grouping on.  Total pages: 257912
[    0.000000] Policy zone: DMA32
[    0.000000] Kernel command line: BOOT_IMAGE=/boot/vmlinuz-4.4.0-210-generic root=LABEL=cloudimg-rootfs ro console=tty1 console=ttyS0
[    0.000000] PID hash table entries: 4096 (order: 3, 32768 bytes)
[    0.000000] Memory: 997792K/1048120K available (8644K kernel code, 1332K rwdata, 4044K rodata, 1492K init, 1164K bss, 50328K reserved, 0K cma-reserved)
[    0.000000] SLUB: HWalign=64, Order=0-3, MinObjects=0, CPUs=2, Nodes=1
[    0.000000] Hierarchical RCU implementation.
[    0.000000] 	Build-time adjustment of leaf fanout to 64.
[    0.000000] 	RCU restricting CPUs from NR_CPUS=512 to nr_cpu_ids=2.
[    0.000000] RCU: Adjusting geometry for rcu_fanout_leaf=64, nr_cpu_ids=2
[    0.000000] NR_IRQS:33024 nr_irqs:440 16
[    0.000000] Console: colour VGA+ 80x25
[    0.000000] console [tty1] enabled
[    0.000000] console [ttyS0] enabled
[    0.000000] tsc: Detected 2096.062 MHz processor
[    0.124738] Calibrating delay loop (skipped) preset value.. 4192.12 BogoMIPS (lpj=8384248)
[    0.126136] pid_max: default: 32768 minimum: 301
[    0.126940] ACPI: Core revision 20150930
[    0.128486] ACPI: 2 ACPI AML tables successfully acquired and loaded
[    0.129726] Security Framework initialized
[    0.130512] Yama: becoming mindful.
[    0.131216] AppArmor: AppArmor initialized
[    0.132046] Dentry cache hash table entries: 131072 (order: 8, 1048576 bytes)
[    0.133424] Inode-cache hash table entries: 65536 (order: 7, 524288 bytes)
[    0.135712] Mount-cache hash table entries: 2048 (order: 2, 16384 bytes)
[    0.136778] Mountpoint-cache hash table entries: 2048 (order: 2, 16384 bytes)
[    0.137989] Initializing cgroup subsys io
[    0.138725] Initializing cgroup subsys memory
[    0.139506] Initializing cgroup subsys devices
[    0.140305] Initializing cgroup subsys freezer
[    0.141086] Initializing cgroup subsys net_cls
[    0.141854] Initializing cgroup subsys perf_event
[    0.142667] Initializing cgroup subsys net_prio
[    0.143484] Initializing cgroup subsys hugetlb
[    0.144297] Initializing cgroup subsys pids
[    0.162267] mce: CPU supports 0 MCE banks
[    0.163124] Last level iTLB entries: 4KB 1024, 2MB 1024, 4MB 512
[    0.164132] Last level dTLB entries: 4KB 1536, 2MB 1536, 4MB 768, 1GB 0
[    0.165186] Spectre V1 : Mitigation: usercopy/swapgs barriers and __user pointer sanitization
[    0.167065] Spectre V2 : Spectre mitigation: LFENCE not serializing, switching to generic retpoline
[    0.168795] Spectre V2 : Mitigation: Full generic retpoline
[    0.169739] Spectre V2 : Spectre v2 / SpectreRSB mitigation: Filling RSB on context switch
[    0.174020] Freeing SMP alternatives memory: 36K
[    0.181317] ftrace: allocating 32380 entries in 127 pages
[    0.243880] smpboot: APIC(0) Converting physical 0 to logical package 0
[    0.246425] smpboot: Max logical packages: 1
[    0.247793] x2apic enabled
[    0.248899] Switched APIC routing to physical x2apic.
[    0.250937] ..TIMER: vector=0x30 apic1=0 pin1=2 apic2=-1 pin2=-1
[    0.359980] smpboot: CPU0: AMD Ryzen 5 3500U with Radeon Vega Mobile Gfx (family: 0x17, model: 0x18, stepping: 0x1)
[    0.361990] Performance Events: Broken PMU hardware detected, using software events only.
[    0.363927] Failed to access perfctr msr (MSR c0010007 is 0)
[    0.372339] KVM setup paravirtual spinlock
[    0.373781] x86: Booting SMP configuration:
[    0.374541] .... node  #0, CPUs:      #1
[    0.375310] kvm-clock: cpu 1, msr 0:3ffe3041, secondary cpu clock
[    0.388000] mce: CPU supports 0 MCE banks
[    0.390488] x86: Booted up 1 node, 2 CPUs
[    0.391371] smpboot: Total of 2 processors activated (8384.24 BogoMIPS)
[    0.392908] devtmpfs: initialized
[    0.395018] evm: security.selinux
[    0.395648] evm: security.SMACK64
[    0.396254] evm: security.SMACK64EXEC
[    0.396912] evm: security.SMACK64TRANSMUTE
[    0.397620] evm: security.SMACK64MMAP
[    0.398267] evm: security.ima
[    0.398894] evm: security.capability
[    0.401718] clocksource: jiffies: mask: 0xffffffff max_cycles: 0xffffffff, max_idle_ns: 7645041785100000 ns
[    0.404129] futex hash table entries: 512 (order: 3, 32768 bytes)
[    0.405735] pinctrl core: initialized pinctrl subsystem
[    0.406977] RTC time: 14:59:00, date: 10/18/22
[    0.408264] NET: Registered protocol family 16
[    0.419948] cpuidle: using governor ladder
[    0.429944] cpuidle: using governor menu
[    0.430920] PCCT header not found.
[    0.432114] ACPI: bus type PCI registered
[    0.433106] acpiphp: ACPI Hot Plug PCI Controller Driver version: 0.5
[    0.434681] PCI: Using configuration type 1 for base access
[    0.435906] PCI: Using configuration type 1 for extended access
[    0.446477] ACPI: Added _OSI(Module Device)
[    0.447281] ACPI: Added _OSI(Processor Device)
[    0.448103] ACPI: Added _OSI(3.0 _SCP Extensions)
[    0.448942] ACPI: Added _OSI(Processor Aggregator Device)
[    0.450276] ACPI: Executed 1 blocks of module-level executable AML code
[    0.452905] ACPI: Interpreter enabled
[    0.453599] ACPI: (supports S0 S5)
[    0.454268] ACPI: Using IOAPIC for interrupt routing
[    0.455260] PCI: Using host bridge windows from ACPI; if necessary, use "pci=nocrs" and report a bug
[    0.459714] ACPI: PCI Root Bridge [PCI0] (domain 0000 [bus 00-ff])
[    0.460840] acpi PNP0A03:00: _OSC: OS supports [ExtendedConfig ASPM ClockPM Segments MSI]
[    0.462892] acpi PNP0A03:00: _OSC: platform does not support [PCIeCapability]
[    0.464408] acpi PNP0A03:00: _OSC: not requesting control; platform does not support [PCIeCapability]
[    0.465908] acpi PNP0A03:00: _OSC: OS requested [PCIeHotplug PME AER PCIeCapability]
[    0.467226] acpi PNP0A03:00: _OSC: platform willing to grant [PCIeHotplug PME AER]
[    0.468528] acpi PNP0A03:00: _OSC failed (AE_SUPPORT); disabling ASPM
[    0.469957] PCI host bridge to bus 0000:00
[    0.470760] pci_bus 0000:00: root bus resource [io  0x0000-0x0cf7 window]
[    0.471790] pci_bus 0000:00: root bus resource [io  0x0d00-0xffff window]
[    0.472877] pci_bus 0000:00: root bus resource [mem 0x000a0000-0x000bffff window]
[    0.482076] pci_bus 0000:00: root bus resource [mem 0x40000000-0xfdffffff window]
[    0.483519] pci_bus 0000:00: root bus resource [bus 00-ff]
[    0.486078] pci 0000:00:01.1: legacy IDE quirk: reg 0x10: [io  0x01f0-0x01f7]
[    0.487185] pci 0000:00:01.1: legacy IDE quirk: reg 0x14: [io  0x03f6]
[    0.488208] pci 0000:00:01.1: legacy IDE quirk: reg 0x18: [io  0x0170-0x0177]
[    0.489356] pci 0000:00:01.1: legacy IDE quirk: reg 0x1c: [io  0x0376]
[    0.510565] pci 0000:00:07.0: quirk: [io  0x4000-0x403f] claimed by PIIX4 ACPI
[    0.511970] pci 0000:00:07.0: quirk: [io  0x4100-0x410f] claimed by PIIX4 SMB
[    0.526073] ACPI: PCI Interrupt Link [LNKA] (IRQs 5 9 10 *11)
[    0.527724] ACPI: PCI Interrupt Link [LNKB] (IRQs 5 9 *10 11)
[    0.529111] ACPI: PCI Interrupt Link [LNKC] (IRQs 5 *9 10 11)
[    0.530426] ACPI: PCI Interrupt Link [LNKD] (IRQs 5 9 10 *11)
[    0.531792] ACPI: Enabled 2 GPEs in block 00 to 07
[    0.533101] vgaarb: setting as boot device: PCI:0000:00:02.0
[    0.534007] vgaarb: device added: PCI:0000:00:02.0,decodes=io+mem,owns=io+mem,locks=none
[    0.535363] vgaarb: loaded
[    0.535905] vgaarb: bridge control possible 0000:00:02.0
[    0.536981] SCSI subsystem initialized
[    0.537763] ACPI: bus type USB registered
[    0.538490] usbcore: registered new interface driver usbfs
[    0.539465] usbcore: registered new interface driver hub
[    0.540454] usbcore: registered new device driver usb
[    0.541677] PCI: Using ACPI for IRQ routing
[    0.542687] NetLabel: Initializing
[    0.543356] NetLabel:  domain hash size = 128
[    0.544106] NetLabel:  protocols = UNLABELED CIPSOv4
[    0.544923] NetLabel:  unlabeled traffic allowed by default
[    0.545933] amd_nb: Cannot enumerate AMD northbridges
[    0.546838] clocksource: Switched to clocksource kvm-clock
[    0.555385] AppArmor: AppArmor Filesystem Enabled
[    0.556312] pnp: PnP ACPI init
[    0.557611] pnp: PnP ACPI: found 3 devices
[    0.567358] clocksource: acpi_pm: mask: 0xffffff max_cycles: 0xffffff, max_idle_ns: 2085701024 ns
[    0.568897] NET: Registered protocol family 2
[    0.569807] TCP established hash table entries: 8192 (order: 4, 65536 bytes)
[    0.570839] TCP bind hash table entries: 8192 (order: 5, 131072 bytes)
[    0.571857] TCP: Hash tables configured (established 8192 bind 8192)
[    0.574504] UDP hash table entries: 512 (order: 2, 16384 bytes)
[    0.575525] UDP-Lite hash table entries: 512 (order: 2, 16384 bytes)
[    0.576728] NET: Registered protocol family 1
[    0.577680] pci 0000:00:00.0: Limiting direct PCI/PCI transfers
[    0.578827] pci 0000:00:01.0: Activating ISA DMA hang workarounds
[    0.580071] Unpacking initramfs...
[    0.785080] Freeing initrd memory: 14888K
[    0.785917] clocksource: tsc: mask: 0xffffffffffffffff max_cycles: 0x1e36a88731c, max_idle_ns: 440795269020 ns
[    0.787515] platform rtc_cmos: registered platform RTC device (no PNP device found)
[    0.788913] Scanning for low memory corruption every 60 seconds
[    0.791156] audit: initializing netlink subsys (disabled)
[    0.792037] audit: type=2000 audit(1666105145.497:1): initialized
[    0.793365] Initialise system trusted keyring
[    0.794690] HugeTLB registered 2 MB page size, pre-allocated 0 pages
[    0.797427] zbud: loaded
[    0.798694] VFS: Disk quotas dquot_6.6.0
[    0.799814] VFS: Dquot-cache hash table entries: 512 (order 0, 4096 bytes)
[    0.801266] squashfs: version 4.0 (2009/01/31) Phillip Lougher
[    0.802534] fuse init (API version 7.23)
[    0.805137] Key type big_key registered
[    0.805921] Allocating IMA MOK and blacklist keyrings.
[    0.808039] Key type asymmetric registered
[    0.808789] Asymmetric key parser 'x509' registered
[    0.809651] Block layer SCSI generic (bsg) driver version 0.4 loaded (major 249)
[    0.811053] io scheduler noop registered
[    0.811826] io scheduler deadline registered (default)
[    0.812804] io scheduler cfq registered
[    0.813590] pci_hotplug: PCI Hot Plug PCI Core version: 0.5
[    0.814489] pciehp: PCI Express Hot Plug Controller Driver version: 0.4
[    0.815685] ACPI: AC Adapter [AC] (on-line)
[    0.816472] input: Power Button as /devices/LNXSYSTM:00/LNXPWRBN:00/input/input0
[    0.817821] ACPI: Power Button [PWRF]
[    0.818569] input: Sleep Button as /devices/LNXSYSTM:00/LNXSLPBN:00/input/input1
[    0.819968] ACPI: Sleep Button [SLPF]
[    0.820913] GHES: HEST is not enabled!
[    0.821592] ACPI: Battery Slot [BAT0] (battery present)
[    0.823360] Serial: 8250/16550 driver, 32 ports, IRQ sharing enabled
[    0.845063] 00:02: ttyS0 at I/O 0x3f8 (irq = 4, base_baud = 115200) is a 16550A
[    0.849433] Linux agpgart interface v0.103
[    0.852378] loop: module loaded
[    0.853799] scsi host0: ata_piix
[    0.854896] scsi host1: ata_piix
[    0.855515] ata1: PATA max UDMA/33 cmd 0x1f0 ctl 0x3f6 bmdma 0xd000 irq 14
[    0.856526] ata2: PATA max UDMA/33 cmd 0x170 ctl 0x376 bmdma 0xd008 irq 15
[    0.857603] libphy: Fixed MDIO Bus: probed
[    0.858324] tun: Universal TUN/TAP device driver, 1.6
[    0.859114] tun: (C) 1999-2004 Max Krasnyansky <maxk@qualcomm.com>
[    0.860231] PPP generic driver version 2.4.2
[    0.861052] ehci_hcd: USB 2.0 'Enhanced' Host Controller (EHCI) Driver
[    0.862448] ehci-pci: EHCI PCI platform driver
[    0.863322] ehci-platform: EHCI generic platform driver
[    0.864212] ohci_hcd: USB 1.1 'Open' Host Controller (OHCI) Driver
[    0.865260] ohci-pci: OHCI PCI platform driver
[    0.866036] ohci-platform: OHCI generic platform driver
[    0.866872] uhci_hcd: USB Universal Host Controller Interface driver
[    0.867902] i8042: PNP: PS/2 Controller [PNP0303:PS2K,PNP0f03:PS2M] at 0x60,0x64 irq 1,12
[    0.869698] serio: i8042 KBD port at 0x60,0x64 irq 1
[    0.870673] serio: i8042 AUX port at 0x60,0x64 irq 12
[    0.871885] mousedev: PS/2 mouse device common for all mice
[    0.873494] input: AT Translated Set 2 keyboard as /devices/platform/i8042/serio0/input/input2
[    0.875559] rtc_cmos rtc_cmos: rtc core: registered rtc_cmos as rtc0
[    0.876598] rtc_cmos rtc_cmos: alarms up to one day, 114 bytes nvram
[    0.877586] i2c /dev entries driver
[    0.878286] device-mapper: uevent: version 1.0.3
[    0.879225] device-mapper: ioctl: 4.34.0-ioctl (2015-10-28) initialised: dm-devel@redhat.com
[    0.880673] ledtrig-cpu: registered to indicate activity on CPUs
[    0.882077] NET: Registered protocol family 10
[    0.883075] NET: Registered protocol family 17
[    0.883823] Key type dns_resolver registered
[    0.884918] registered taskstats version 1
[    0.885627] Loading compiled-in X.509 certificates
[    0.886882] Loaded X.509 cert 'Build time autogenerated kernel key: cf00e047681d67edb2720680708b7d9498083038'
[    0.888453] zswap: loaded using pool lzo/zbud
[    0.891317] Key type trusted registered
[    0.895454] Key type encrypted registered
[    0.896306] AppArmor: AppArmor sha1 policy hashing enabled
[    0.897305] ima: No TPM chip found, activating TPM-bypass!
[    0.898247] ima: Allocated hash algorithm: sha1
[    0.899221] evm: HMAC attrs: 0x1
[    0.900712]   Magic number: 10:305:991
[    0.901773] rtc_cmos rtc_cmos: setting system clock to 2022-10-18 14:59:01 UTC (1666105141)
[    0.903599] BIOS EDD facility v0.16 2004-Jun-25, 0 devices found
[    0.904824] EDD information not available.
[    1.035424] Freeing unused kernel memory: 1492K
[    1.036635] Write protecting the kernel read-only data: 14336k
[    1.038557] Freeing unused kernel memory: 1584K
[    1.040903] Freeing unused kernel memory: 52K
Loading, please wait...
starting version 229
[    1.053474] random: systemd-udevd: uninitialized urandom read (16 bytes read, 3 bits of entropy available)
[    1.053976] random: udevadm: uninitialized urandom read (16 bytes read, 3 bits of entropy available)
[    1.053997] random: udevadm: uninitialized urandom read (16 bytes read, 3 bits of entropy available)
[    1.058672] random: systemd-udevd: uninitialized urandom read (16 bytes read, 3 bits of entropy available)
[    1.061093] random: systemd-udevd: uninitialized urandom read (16 bytes read, 3 bits of entropy available)
[    1.061937] random: udevadm: uninitialized urandom read (16 bytes read, 3 bits of entropy available)
[    1.061984] random: udevadm: uninitialized urandom read (16 bytes read, 3 bits of entropy available)
[    1.062103] random: udevadm: uninitialized urandom read (16 bytes read, 3 bits of entropy available)
[    1.062151] random: udevadm: uninitialized urandom read (16 bytes read, 3 bits of entropy available)
[    1.062199] random: udevadm: uninitialized urandom read (16 bytes read, 3 bits of entropy available)
[    1.101458] e1000: Intel(R) PRO/1000 Network Driver - version 7.3.21-k8-NAPI
[    1.102626] e1000: Copyright (c) 1999-2006 Intel Corporation.
[    1.109832] Fusion MPT base driver 3.04.20
[    1.110619] Copyright (c) 1999-2008 LSI Corporation
[    1.122344] AVX2 version of gcm_enc/dec engaged.
[    1.123476] AES CTR mode by8 optimization enabled
[    1.129559] Fusion MPT SPI Host driver 3.04.20
[    1.450735] input: ImExPS/2 Generic Explorer Mouse as /devices/platform/i8042/serio1/input/input4
[    1.471887] e1000 0000:00:03.0 eth0: (PCI:33MHz:32-bit) 02:be:82:6b:cc:1d
[    1.473036] e1000 0000:00:03.0 eth0: Intel(R) PRO/1000 Network Connection
[    2.204415] e1000 0000:00:08.0 eth1: (PCI:33MHz:32-bit) 08:00:27:e7:16:f6
[    2.205555] e1000 0000:00:08.0 eth1: Intel(R) PRO/1000 Network Connection
[    2.208165] e1000 0000:00:03.0 enp0s3: renamed from eth0
[    2.210822] mptbase: ioc0: Initiating bringup
[    2.224035] e1000 0000:00:08.0 enp0s8: renamed from eth1
[    2.279510] ioc0: LSI53C1030 A0: Capabilities={Initiator}
[    2.441292] scsi host2: ioc0: LSI53C1030 A0, FwRev=00000000h, Ports=1, MaxQ=256, IRQ=20
[    2.555573] scsi 2:0:0:0: Direct-Access     VBOX     HARDDISK         1.0  PQ: 0 ANSI: 5
[    2.566729] scsi target2:0:0: Beginning Domain Validation
[    2.568997] scsi target2:0:0: Domain Validation skipping write tests
[    2.569961] scsi target2:0:0: Ending Domain Validation
[    2.570905] scsi target2:0:0: asynchronous
[    2.572164] scsi 2:0:1:0: Direct-Access     VBOX     HARDDISK         1.0  PQ: 0 ANSI: 5
[    2.574009] scsi target2:0:1: Beginning Domain Validation
[    2.576335] scsi target2:0:1: Domain Validation skipping write tests
[    2.577685] scsi target2:0:1: Ending Domain Validation
[    2.578751] scsi target2:0:1: asynchronous
[    2.585467] sd 2:0:0:0: Attached scsi generic sg0 type 0
[    2.585615] sd 2:0:0:0: [sda] 83886080 512-byte logical blocks: (42.9 GB/40.0 GiB)
[    2.585735] sd 2:0:0:0: [sda] Write Protect is off
[    2.585817] sd 2:0:0:0: [sda] Incomplete mode parameter data
[    2.585819] sd 2:0:0:0: [sda] Assuming drive cache: write through
[    2.591641] sd 2:0:1:0: [sdb] 20480 512-byte logical blocks: (10.5 MB/10.0 MiB)
[    2.593083] sd 2:0:1:0: Attached scsi generic sg1 type 0
[    2.593801]  sda: sda1
[    2.594483] sd 2:0:0:0: [sda] Attached SCSI disk
[    2.595170] sd 2:0:1:0: [sdb] Write Protect is off
[    2.595275] sd 2:0:1:0: [sdb] Incomplete mode parameter data
[    2.595277] sd 2:0:1:0: [sdb] Assuming drive cache: write through
[    2.597689] sd 2:0:1:0: [sdb] Attached SCSI disk
Begin: Loading essential drivers ... [    3.905111] md: linear personality registered for level -1
[    3.908839] md: multipath personality registered for level -4
[    3.912268] md: raid0 personality registered for level 0
[    3.915823] md: raid1 personality registered for level 1
[    3.987252] raid6: sse2x1   gen()  7883 MB/s
[    4.056789] raid6: sse2x1   xor()  7697 MB/s
[    4.124389] raid6: sse2x2   gen() 16434 MB/s
[    4.191015] raid6: sse2x2   xor() 10127 MB/s
[    4.260579] raid6: sse2x4   gen() 16858 MB/s
[    4.327430] raid6: sse2x4   xor()  8120 MB/s
[    4.396047] raid6: avx2x1   gen() 18301 MB/s
[    4.464606] raid6: avx2x2   gen() 21537 MB/s
[    4.532203] raid6: avx2x4   gen() 20601 MB/s
[    4.533034] raid6: using algorithm avx2x2 gen() 21537 MB/s
[    4.533980] raid6: using avx2x2 recovery algorithm
[    4.536427] xor: automatically using best checksumming function:
[    4.575271]    avx       : 11032.000 MB/sec
[    4.576961] async_tx: api initialized (async)
[    4.585564] md: raid6 personality registered for level 6
[    4.586653] md: raid5 personality registered for level 5
[    4.587726] md: raid4 personality registered for level 4
[    4.594279] md: raid10 personality registered for level 10
done.
Begin: Running /scripts/init-premount ... done.
Begin: Mounting root file system ... Begin: Running /scripts/local-top ... done.
Begin: Running /scripts/local-premount ... [    4.620067] Btrfs loaded
Scanning for Btrfs filesystems
done.
Warning: fsck not present, so skipping root file system
[    4.656687] EXT4-fs (sda1): mounted filesystem with ordered data mode. Opts: (null)
done.
Begin: Running /scripts/local-bottom ... done.
Begin: Running /scripts/init-bottom ... done.
[    4.740498] systemd[1]: systemd 229 running in system mode. (+PAM +AUDIT +SELINUX +IMA +APPARMOR +SMACK +SYSVINIT +UTMP +LIBCRYPTSETUP +GCRYPT +GNUTLS +ACL +XZ -LZ4 +SECCOMP +BLKID +ELFUTILS +KMOD -IDN)
[    4.743331] systemd[1]: Detected virtualization oracle.
[    4.744171] systemd[1]: Detected architecture x86-64.

Welcome to [1mUbuntu 16.04.7 LTS[0m!

[    4.747351] systemd[1]: Set hostname to <ubuntu-xenial>.
[    4.864349] systemd[1]: Listening on Journal Audit Socket.
[[0;32m  OK  [0m] Listening on Journal Audit Socket.
[    4.866443] systemd[1]: Listening on udev Kernel Socket.
[[0;32m  OK  [0m] Listening on udev Kernel Socket.
[    4.868321] systemd[1]: Listening on Journal Socket.
[[0;32m  OK  [0m] Listening on Journal Socket.
[    4.869950] systemd[1]: Listening on LVM2 poll daemon socket.
[[0;32m  OK  [0m] Listening on LVM2 poll daemon socket.
[    4.871669] systemd[1]: Listening on /dev/initctl Compatibility Named Pipe.
[[0;32m  OK  [0m] Listening on /dev/initctl Compatibility Named Pipe.
[    4.873737] systemd[1]: Started Trigger resolvconf update for networkd DNS.
[[0;32m  OK  [0m] Started Trigger resolvconf update for networkd DNS.
[    4.876058] systemd[1]: Created slice User and Session Slice.
[[0;32m  OK  [0m] Created slice User and Session Slice.
[    4.878373] systemd[1]: Listening on fsck to fsckd communication Socket.
[[0;32m  OK  [0m] Listening on fsck to fsckd communication Socket.
[    4.881199] systemd[1]: Reached target Swap.
[[0;32m  OK  [0m] Reached target Swap.
[    4.883206] systemd[1]: Reached target System Time Synchronized.
[[0;32m  OK  [0m] Reached target System Time Synchronized.
[    4.885543] systemd[1]: Set up automount Arbitrary Executable File Formats File System Automount Point.
[[0;32m  OK  [0m] Set up automount Arbitrary Executab...ats File System Automount Point.
[    4.888111] systemd[1]: Started Forward Password Requests to Wall Directory Watch.
[[0;32m  OK  [0m] Started Forward Password Requests to Wall Directory Watch.
[    4.890413] systemd[1]: Listening on Syslog Socket.
[[0;32m  OK  [0m] Listening on Syslog Socket.
[    4.891817] systemd[1]: Listening on Device-mapper event daemon FIFOs.
[[0;32m  OK  [0m] Listening on Device-mapper event daemon FIFOs.
[    4.893907] systemd[1]: Listening on udev Control Socket.
[[0;32m  OK  [0m] Listening on udev Control Socket.
[    4.895468] systemd[1]: Listening on LVM2 metadata daemon socket.
[[0;32m  OK  [0m] Listening on LVM2 metadata daemon socket.
[    4.897282] systemd[1]: Reached target Encrypted Volumes.
[[0;32m  OK  [0m] Reached target Encrypted Volumes.
[    4.899068] systemd[1]: Listening on Journal Socket (/dev/log).
[[0;32m  OK  [0m] Listening on Journal Socket (/dev/log).
[    4.901700] systemd[1]: Created slice System Slice.
[[0;32m  OK  [0m] Created slice System Slice.
[    4.915476] systemd[1]: Starting Journal Service...
         Starting Journal Service...
[    4.918535] systemd[1]: Starting Monitoring of LVM2 mirrors, snapshots etc. using dmeventd or progress polling...
         Starting Monitoring of LVM2 mirrors... dmeventd or progress polling...
[    4.929114] systemd[1]: Starting Create list of required static device nodes for the current kernel...
         Starting Create list of required st... nodes for the current kernel...
[    4.933747] systemd[1]: Starting Uncomplicated firewall...
         Starting Uncomplicated firewall...
[    4.937804] systemd[1]: Starting Load Kernel Modules...
         Starting Load Kernel Modules...
[    4.947310] systemd[1]: Reached target Slices.
[[0;32m  OK  [0m] Reached target Slices.
[    4.949103] Loading iSCSI transport class v2.0-870.
[    4.949803] systemd[1]: Starting Nameserver information manager...
         Starting Nameserver information manager...
[    4.956779] iscsi: registered transport (tcp)
[    4.960404] systemd[1]: Mounting Debug File System...
         Mounting Debug File System...
[    4.962810] systemd[1]: Starting File System Check on Root Device...
         Starting File System Check on Root Device...
[    4.965408] systemd[1]: Starting Set console keymap...
         Starting Set console keymap...
[    4.970725] systemd[1]: Mounting Huge Pages File System...
         Mounting Huge Pages File System...
[    4.974760] systemd[1]: Mounting POSIX Message Queue File System...
         Mounting POSIX Message Queue File System...
[    4.980945] systemd[1]: Created slice system-serial\x2dgetty.slice.
[[0;32m  OK  [0m] Created slice system-serial\x2dgetty.slice.
[    4.984216] systemd[1]: Reached target User and Group Name Lookups.
[[0;32m  OK  [0m] Reached target User and Group Name Lookups.
[    4.988885] systemd[1]: Mounted Huge Pages File System.
[[0;32m  OK  [0m] Mounted Huge Pages File System.
[    4.990913] systemd[1]: Mounted POSIX Message Queue File System.
[[0;32m  OK  [0m] Mounted POSIX Message Queue File System.
[    4.993163] systemd[1]: Mounted Debug File System.
[[0;32m  OK  [0m] Mounted Debug File System.
[    4.995291] systemd[1]: Started Journal Service.
[[0;32m  OK  [0m] Started Journal Service.
[[0;32m  OK  [0m] Started Create list of required sta...ce nodes for the current kernel.
[[0;32m  OK  [0m] Started Uncomplicated firewall.
[[0;32m  OK  [0m] Started File System Check Daemon to report status.
[[0;32m  OK  [0m] Started LVM2 metadata daemon.
         Starting Create Static Device Nodes in /dev...
[[0;32m  OK  [0m] Started Nameserver information manager.
[    5.023157] iscsi: registered transport (iser)
[[0;32m  OK  [0m] Started Load Kernel Modules.
         Mounting FUSE Control File System...
         Starting Apply Kernel Variables...
[[0;32m  OK  [0m] Mounted FUSE Control File System.
[[0;32m  OK  [0m] Started File System Check on Root Device.
         Starting Remount Root and Kernel File Systems...
[[0;32m  OK  [0m] Started Apply Kernel Variables.
[[0;32m  OK  [0m] Started Remount Root and Kernel File Systems.
         Starting Load/Save Random Seed...
         Starting Flush Journal to Persistent Storage...
         Starting udev Coldplug all Devices...
[[0;32m  OK  [0m] Started Set console keymap.
[[0;32m  OK  [0m] Started Load/Save Random Seed.
[[0;32m  OK  [0m] Started Flush Journal to Persistent Storage.
[[0;32m  OK  [0m] Started Create Static Device Nodes in /dev.
         Starting udev Kernel Device Manager...
[[0;32m  OK  [0m] Started udev Coldplug all Devices.
[[0;32m  OK  [0m] Started udev Kernel Device Manager.
[[0;32m  OK  [0m] Started Dispatch Password Requests to Console Directory Watch.
[[0;32m  OK  [0m] Found device /dev/ttyS0.
[[0;32m  OK  [0m] Listening on Load/Save RF Kill Switch Status /dev/rfkill Watch.
[[0;32m  OK  [0m] Found device 82540EM Gigabit Ethern...r (PRO/1000 MT Desktop Adapter).
[[0;32m  OK  [0m] Started Monitoring of LVM2 mirrors,...ng dmeventd or progress polling.
[[0;32m  OK  [0m] Reached target Local File Systems (Pre).
[[0;32m  OK  [0m] Reached target Local File Systems.
         Starting Create Volatile Files and Directories...
         Starting Initial cloud-init job (pre-networking)...
         Starting LSB: AppArmor initialization...
         Starting Tell Plymouth To Write Out Runtime Data...
         Starting Set console font and keymap...
[[0;32m  OK  [0m] Started Create Volatile Files and Directories.
         Starting Update UTMP about System Boot/Shutdown...
[[0;32m  OK  [0m] Started Tell Plymouth To Write Out Runtime Data.
[[0;32m  OK  [0m] Found device 82540EM Gigabit Ethern...r (PRO/1000 MT Desktop Adapter).
[[0;32m  OK  [0m] Started Update UTMP about System Boot/Shutdown.
[[0;32m  OK  [0m] Started LSB: AppArmor initialization.
         Starting Load AppArmor profiles managed internally by snapd...
[[0;32m  OK  [0m] Started Load AppArmor profiles managed internally by snapd.
[[0;32m  OK  [0m] Started Set console font and keymap.
[[0;32m  OK  [0m] Created slice system-getty.slice.
[    6.353300] cloud-init[639]: Cloud-init v. 21.1-19-gbad84ad4-0ubuntu1~16.04.2 running 'init-local' at Tue, 18 Oct 2022 14:59:06 +0000. Up 6.12 seconds.
[[0;32m  OK  [0m] Started Initial cloud-init job (pre-networking).
[[0;32m  OK  [0m] Reached target Network (Pre).
         Starting Raise network interfaces...
[[0;32m  OK  [0m] Started ifup for enp0s8.
[[0;32m  OK  [0m] Started ifup for enp0s3.
[[0;32m  OK  [0m] Started Raise network interfaces.
         Starting Initial cloud-init job (metadata service crawler)...
[[0;32m  OK  [0m] Reached target Network.
[    7.064695] cloud-init[1078]: Cloud-init v. 21.1-19-gbad84ad4-0ubuntu1~16.04.2 running 'init' at Tue, 18 Oct 2022 14:59:07 +0000. Up 6.84 seconds.
[    7.066349] cloud-init[1078]: ci-info: ++++++++++++++++++++++++++++++++++++++Net device info+++++++++++++++++++++++++++++++++++++++
[    7.067817] cloud-init[1078]: ci-info: +--------+------+-----------------------------+---------------+--------+-------------------+
[    7.076729] cloud-init[1078]: ci-info: | Device |  Up  |           Address           |      Mask     | Scope  |     Hw-Address    |
[    7.078250] cloud-init[1078]: ci-info: +--------+------+-----------------------------+---------------+--------+-------------------+
[    7.084804] cloud-init[1078]: ci-info: | enp0s3 | True |          10.0.2.15          | 255.255.255.0 | global | 02:be:82:6b:cc:1d |
[    7.086606] cloud-init[1078]: ci-info: | enp0s3 | True |  fe80::be:82ff:fe6b:cc1d/64 |       .       |  link  | 02:be:82:6b:cc:1d |
[    7.088045] cloud-init[1078]: ci-info: | enp0s8 | True |        192.168.10.100       | 255.255.255.0 | global | 08:00:27:e7:16:f6 |
[    7.090136] cloud-init[1078]: ci-info: | enp0s8 | True | fe80::a00:27ff:fee7:16f6/64 |       .       |  link  | 08:00:27:e7:16:f6 |
[    7.096471] cloud-init[1078]: ci-info: |   lo   | True |          127.0.0.1          |   255.0.0.0   |  host  |         .         |
[    7.105354] cloud-init[1078]: ci-info: |   lo   | True |           ::1/128           |       .       |  host  |         .         |
[    7.107026] cloud-init[1078]: ci-info: +--------+------+-----------------------------+---------------+--------+-------------------+
[    7.116849] cloud-init[1078]: ci-info: ++++++++++++++++++++++++++++Route IPv4 info++++++++++++++++++++++++++++
[    7.118087] cloud-init[1078]: ci-info: +-------+--------------+----------+---------------+-----------+-------+
[    7.119348] cloud-init[1078]: ci-info: | Route | Destination  | Gateway  |    Genmask    | Interface | Flags |
[    7.120565] cloud-init[1078]: ci-info: +-------+--------------+----------+---------------+-----------+-------+
[    7.121996] cloud-init[1078]: ci-info: |   0   |   0.0.0.0    | 10.0.2.2 |    0.0.0.0    |   enp0s3  |   UG  |
[    7.123522] cloud-init[1078]: ci-info: |   1   |   10.0.2.0   | 0.0.0.0  | 255.255.255.0 |   enp0s3  |   U   |
[    7.124850] cloud-init[1078]: ci-info: |   2   | 192.168.10.0 | 0.0.0.0  | 255.255.255.0 |   enp0s8  |   U   |
[    7.132385] [[0;32m  OK  [0m] Started Initial cloud-init job (metadata service crawler).
[[0;32m  OK  [0m] Reached target Network is Online.
cloud-init[1078]: ci-info: +-------+--------------+----------+---------------+-----------+-------+
[    7.140302] cloud-init[1078]: ci-info: +++++++++++++++++++Route IPv6 info+++++++++++++++++++
[    7.141330] cloud-init[1078]: ci-info: +-------+-------------+---------+-----------+-------+
[    7.142155] cloud-init[1078]: ci-info: | Route | Destination | Gateway | Interface | Flags |
[    7.143354] cloud-init[1078]: ci-info: +-------+-------------+---------+-----------+-------+
[    7.144488] cloud-init[1078]: ci-info: |   0   |  fe80::/64  |    ::   |   enp0s8  |   U   |
[    7.145569] cloud-init[1078]: ci-info: |   1   |  fe80::/64  |    ::   |   enp0s3  |   U   |
[    7.146655] cloud-init[1078]: ci-info: |   4   |   ff00::/8  |    ::   |   enp0s8  |   U   |
[    7.147818] cloud-init[1078]: ci-info: |   5   |   ff00::/8  |    ::   |   enp0s3  |   U   |
[    7.148955]          Starting iSCSI initiator daemon (iscsid)...
[[0;32m  OK  [0m] Reached target Cloud-config availability.
cloud-init[[0;32m  OK  [0m] Reached target System Initialization.
[[0;32m  OK  [0m] Started Daily Cleanup of Temporary Directories.
[[0;32m  OK  [0m] Listening on UUID daemon activation socket.
[[0;32m  OK  [0m] Listening on ACPID Listen Socket.
[[0;32m  OK  [0m] Listening on D-Bus System Message Bus Socket.
[1078]: ci-info: +-------+-------------+---------+-----------+-------+
[[0;32m  OK  [0m] Started ACPI Events Check.
[[0;32m  OK  [0m] Reached target Paths.
[[0;32m  OK  [0m] Started Ubuntu Advantage update messaging.
         Starting Socket activation for snappy daemon.
[[0;32m  OK  [0m] Started Daily apt download activities.
[[0;32m  OK  [0m] Started Daily apt upgrade and clean activities.
         Starting LXD - unix socket.
[[0;32m  OK  [0m] Started Message of the Day.
[[0;32m  OK  [0m] Reached target Timers.
[[0;32m  OK  [0m] Listening on Socket activation for snappy daemon.
[[0;32m  OK  [0m] Listening on LXD - unix socket.
[[0;32m  OK  [0m] Reached target Sockets.
[[0;32m  OK  [0m] Reached target Basic System.
         Starting System Logging Service...
         Starting Virtualbox guest utils...
         Starting LSB: MD monitoring daemon...
         Starting LXD - container startup/shutdown...
[[0;32m  OK  [0m] Started FUSE filesystem for LXC.
         Starting Login Service...
         Starting /etc/rc.local Compatibility...
[[0;32m  OK  [0m] Started D-Bus System Message Bus.
         Starting OpenBSD Secure Shell server...
         Starting Accounts Service...
         Starting LSB: Record successful boot for GRUB...
[[0;32m  OK  [0m] Started Deferred execution scheduler.
[[0;32m  OK  [0m] Started ACPI event daemon.
[[0;32m  OK  [0m] Started Regular background program processing daemon.
         Starting Snap Daemon...
[[0;32m  OK  [0m] Started System Logging Service.
[[0;32m  OK  [0m] Started iSCSI initiator daemon (iscsid).
[[0;32m  OK  [0m] Started /etc/rc.local Compatibility.
         Starting Login to default iSCSI targets...
[[0;32m  OK  [0m] Started Login Service.
[[0;32m  OK  [0m] Started Unattended Upgrades Shutdown.
[[0;32m  OK  [0m] Started LSB: MD monitoring daemon.
[[0;32m  OK  [0m] Started LSB: Record successful boot for GRUB.
[[0;32m  OK  [0m] Started Login to default iSCSI targets.
[[0;32m  OK  [0m] Reached target Remote File Systems (Pre).
         Mounting /vagrant...
[[0;1;31mFAILED[0m] Failed to mount /vagrant.
See 'systemctl status vagrant.mount' for details.
[[0;1;33mDEPEND[0m] Dependency failed for Remote File Systems.
         Starting LSB: Set the CPU Frequency Scaling governor to "ondemand"...
         Starting LSB: daemon to balance interrupts for SMP systems...
         Starting Permit User Sessions...
         Starting LSB: automatic crash report generation...
[[0;32m  OK  [0m] Started OpenBSD Secure Shell server.
[[0;32m  OK  [0m] Started Permit User Sessions.
         Starting Terminate Plymouth Boot Screen...
         Starting Hold until boot process finishes up...
[[0;32m  OK  [0m] Started Hold until boot process finishes up.
[[0;32m  OK  [0m] Started LXD - container startup/shutdown.
[[0;32m  OK  [0m] Started Serial Getty on ttyS0.
[[0;32m  OK  [0m] Started Getty on tty1.
[[0;32m  OK  [0m] Reached target Login Prompts.
         Starting Set console scheme...
[[0;32m  OK  [0m] Started Terminate Plymouth Boot Screen.
[[0;32m  OK  [0m] Started Set console scheme.
         Starting Authenticate and Authorize Users to Run Privileged Tasks...
[[0;32m  OK  [0m] Started LSB: Set the CPU Frequency Scaling governor to "ondemand".
[[0;32m  OK  [0m] Started LSB: daemon to balance interrupts for SMP systems.
[[0;32m  OK  [0m] Started LSB: automatic crash report generation.
[[0;32m  OK  [0m] Started Authenticate and Authorize Users to Run Privileged Tasks.
[[0;32m  OK  [0m] Started Accounts Service.
[[0;32m  OK  [0m] Started Virtualbox guest utils.
[[0;32m  OK  [0m] Started Snap Daemon.
         Starting Wait until snapd is fully seeded...
[[0;32m  OK  [0m] Started Wait until snapd is fully seeded.
[[0;32m  OK  [0m] Reached target Multi-User System.
[[0;32m  OK  [0m] Reached target Graphical Interface.
         Starting Update UTMP about System Runlevel Changes...
         Starting Apply the settings specified in cloud-config...
[[0;32m  OK  [0m] Started Update UTMP about System Runlevel Changes.
[    8.026655] cloud-init[1339]: Cloud-init v. 21.1-19-gbad84ad4-0ubuntu1~16.04.2 running 'modules:config' at Tue, 18 Oct 2022 14:59:08 +0000. Up 7.93 seconds.
[[0;32m  OK  [0m] Started Apply the settings specified in cloud-config.
         Starting Execute cloud user/final scripts...
[    8.470599] cloud-init[1352]: Cloud-init v. 21.1-19-gbad84ad4-0ubuntu1~16.04.2 running 'modules:final' at Tue, 18 Oct 2022 14:59:09 +0000. Up 8.37 seconds.
[    8.472470] cloud-init[1352]: Cloud-init v. 21.1-19-gbad84ad4-0ubuntu1~16.04.2 finished at Tue, 18 Oct 2022 14:59:09 +0000. Datasource DataSourceNoCloud [seed=/dev/sdb][dsmode=net].  Up 8.46 seconds
[[0;32m  OK  [0m] Started Execute cloud user/final scripts.
[[0;32m  OK  [0m] Reached target Cloud-init target.

Ubuntu 16.04.7 LTS ubuntu-xenial ttyS0

ubuntu-xenial login: 