[    0.000000] Initializing cgroup subsys cpuset
[    0.000000] Initializing cgroup subsys cpu
[    0.000000] Initializing cgroup subsys cpuacct
[    0.000000] Linux version 4.4.0-210-generic (buildd@lgw01-amd64-009) (gcc version 5.4.0 20160609 (Ubuntu 5.4.0-6ubuntu1~16.04.12) ) #242-Ubuntu SMP Fri Apr 16 09:57:56 UTC 2021 (Ubuntu 4.4.0-210.242-generic 4.4.262)
[    0.000000] Command line: BOOT_IMAGE=/boot/vmlinuz-4.4.0-210-generic root=LABEL=cloudimg-rootfs ro console=tty1 console=ttyS0
[    0.000000] KERNEL supported cpus:
[    0.000000]   Intel GenuineIntel
[    0.000000]   AMD AuthenticAMD
[    0.000000]   Centaur CentaurHauls
[    0.000000] [Firmware Bug]: TSC doesn't count with P0 frequency!
[    0.000000] x86/fpu: xstate_offset[2]:  576, xstate_sizes[2]:  256
[    0.000000] x86/fpu: Supporting XSAVE feature 0x01: 'x87 floating point registers'
[    0.000000] x86/fpu: Supporting XSAVE feature 0x02: 'SSE registers'
[    0.000000] x86/fpu: Supporting XSAVE feature 0x04: 'AVX registers'
[    0.000000] x86/fpu: Enabled xstate features 0x7, context size is 832 bytes, using 'standard' format.
[    0.000000] e820: BIOS-provided physical RAM map:
[    0.000000] BIOS-e820: [mem 0x0000000000000000-0x000000000009fbff] usable
[    0.000000] BIOS-e820: [mem 0x000000000009fc00-0x000000000009ffff] reserved
[    0.000000] BIOS-e820: [mem 0x00000000000f0000-0x00000000000fffff] reserved
[    0.000000] BIOS-e820: [mem 0x0000000000100000-0x000000003ffeffff] usable
[    0.000000] BIOS-e820: [mem 0x000000003fff0000-0x000000003fffffff] ACPI data
[    0.000000] BIOS-e820: [mem 0x00000000fec00000-0x00000000fec00fff] reserved
[    0.000000] BIOS-e820: [mem 0x00000000fee00000-0x00000000fee00fff] reserved
[    0.000000] BIOS-e820: [mem 0x00000000fffc0000-0x00000000ffffffff] reserved
[    0.000000] NX (Execute Disable) protection: active
[    0.000000] SMBIOS 2.5 present.
[    0.000000] Hypervisor detected: KVM
[    0.000000] Kernel/User page tables isolation: disabled
[    0.000000] e820: last_pfn = 0x3fff0 max_arch_pfn = 0x400000000
[    0.000000] MTRR: Disabled
[    0.000000] x86/PAT: MTRRs disabled, skipping PAT initialization too.
[    0.000000] CPU MTRRs all blank - virtualized system.
[    0.000000] x86/PAT: Configuration [0-7]: WB  WT  UC- UC  WB  WT  UC- UC  
[    0.000000] found SMP MP-table at [mem 0x0009fff0-0x0009ffff] mapped at [ffff88000009fff0]
[    0.000000] Scanning 1 areas for low memory corruption
[    0.000000] RAMDISK: [mem 0x362dc000-0x37165fff]
[    0.000000] ACPI: Early table checksum verification disabled
[    0.000000] ACPI: RSDP 0x00000000000E0000 000024 (v02 VBOX  )
[    0.000000] ACPI: XSDT 0x000000003FFF0030 00003C (v01 VBOX   VBOXXSDT 00000001 ASL  00000061)
[    0.000000] ACPI: FACP 0x000000003FFF00F0 0000F4 (v04 VBOX   VBOXFACP 00000001 ASL  00000061)
[    0.000000] ACPI: DSDT 0x000000003FFF0470 002325 (v02 VBOX   VBOXBIOS 00000002 INTL 20100528)
[    0.000000] ACPI: FACS 0x000000003FFF0200 000040
[    0.000000] ACPI: FACS 0x000000003FFF0200 000040
[    0.000000] ACPI: APIC 0x000000003FFF0240 00005C (v02 VBOX   VBOXAPIC 00000001 ASL  00000061)
[    0.000000] ACPI: SSDT 0x000000003FFF02A0 0001CC (v01 VBOX   VBOXCPUT 00000002 INTL 20100528)
[    0.000000] No NUMA configuration found
[    0.000000] Faking a node at [mem 0x0000000000000000-0x000000003ffeffff]
[    0.000000] NODE_DATA(0) allocated [mem 0x3ffeb000-0x3ffeffff]
[    0.000000] kvm-clock: Using msrs 4b564d01 and 4b564d00
[    0.000000] kvm-clock: cpu 0, msr 0:3ffe3001, primary cpu clock
[    0.000000] kvm-clock: using sched offset of 3252394719 cycles
[    0.000000] clocksource: kvm-clock: mask: 0xffffffffffffffff max_cycles: 0x1cd42e4dffb, max_idle_ns: 881590591483 ns
[    0.000000] Zone ranges:
[    0.000000]   DMA      [mem 0x0000000000001000-0x0000000000ffffff]
[    0.000000]   DMA32    [mem 0x0000000001000000-0x000000003ffeffff]
[    0.000000]   Normal   empty
[    0.000000]   Device   empty
[    0.000000] Movable zone start for each node
[    0.000000] Early memory node ranges
[    0.000000]   node   0: [mem 0x0000000000001000-0x000000000009efff]
[    0.000000]   node   0: [mem 0x0000000000100000-0x000000003ffeffff]
[    0.000000] Initmem setup node 0 [mem 0x0000000000001000-0x000000003ffeffff]
[    0.000000] ACPI: PM-Timer IO Port: 0x4008
[    0.000000] IOAPIC[0]: apic_id 2, version 32, address 0xfec00000, GSI 0-23
[    0.000000] ACPI: INT_SRC_OVR (bus 0 bus_irq 0 global_irq 2 dfl dfl)
[    0.000000] ACPI: INT_SRC_OVR (bus 0 bus_irq 9 global_irq 9 low level)
[    0.000000] Using ACPI (MADT) for SMP configuration information
[    0.000000] smpboot: Allowing 2 CPUs, 0 hotplug CPUs
[    0.000000] PM: Registered nosave memory: [mem 0x00000000-0x00000fff]
[    0.000000] PM: Registered nosave memory: [mem 0x0009f000-0x0009ffff]
[    0.000000] PM: Registered nosave memory: [mem 0x000a0000-0x000effff]
[    0.000000] PM: Registered nosave memory: [mem 0x000f0000-0x000fffff]
[    0.000000] e820: [mem 0x40000000-0xfebfffff] available for PCI devices
[    0.000000] Booting paravirtualized kernel on KVM
[    0.000000] clocksource: refined-jiffies: mask: 0xffffffff max_cycles: 0xffffffff, max_idle_ns: 7645519600211568 ns
[    0.000000] setup_percpu: NR_CPUS:512 nr_cpumask_bits:512 nr_cpu_ids:2 nr_node_ids:1
[    0.000000] PERCPU: Embedded 33 pages/cpu @ffff88003fc00000 s95192 r8192 d31784 u1048576
[    0.000000] Built 1 zonelists in Node order, mobility grouping on.  Total pages: 257912
[    0.000000] Policy zone: DMA32
[    0.000000] Kernel command line: BOOT_IMAGE=/boot/vmlinuz-4.4.0-210-generic root=LABEL=cloudimg-rootfs ro console=tty1 console=ttyS0
[    0.000000] PID hash table entries: 4096 (order: 3, 32768 bytes)
[    0.000000] Memory: 997792K/1048120K available (8644K kernel code, 1332K rwdata, 4044K rodata, 1492K init, 1164K bss, 50328K reserved, 0K cma-reserved)
[    0.000000] SLUB: HWalign=64, Order=0-3, MinObjects=0, CPUs=2, Nodes=1
[    0.000000] Hierarchical RCU implementation.
[    0.000000] 	Build-time adjustment of leaf fanout to 64.
[    0.000000] 	RCU restricting CPUs from NR_CPUS=512 to nr_cpu_ids=2.
[    0.000000] RCU: Adjusting geometry for rcu_fanout_leaf=64, nr_cpu_ids=2
[    0.000000] NR_IRQS:33024 nr_irqs:440 16
[    0.000000] Console: colour VGA+ 80x25
[    0.000000] console [tty1] enabled
[    0.000000] console [ttyS0] enabled
[    0.000000] tsc: Detected 2096.062 MHz processor
[    0.151952] Calibrating delay loop (skipped) preset value.. 4192.12 BogoMIPS (lpj=8384248)
[    0.153418] pid_max: default: 32768 minimum: 301
[    0.154257] ACPI: Core revision 20150930
[    0.156313] ACPI: 2 ACPI AML tables successfully acquired and loaded
[    0.157522] Security Framework initialized
[    0.158267] Yama: becoming mindful.
[    0.158925] AppArmor: AppArmor initialized
[    0.159687] Dentry cache hash table entries: 131072 (order: 8, 1048576 bytes)
[    0.160888] Inode-cache hash table entries: 65536 (order: 7, 524288 bytes)
[    0.163170] Mount-cache hash table entries: 2048 (order: 2, 16384 bytes)
[    0.164580] Mountpoint-cache hash table entries: 2048 (order: 2, 16384 bytes)
[    0.166029] Initializing cgroup subsys io
[    0.166791] Initializing cgroup subsys memory
[    0.167563] Initializing cgroup subsys devices
[    0.168367] Initializing cgroup subsys freezer
[    0.169158] Initializing cgroup subsys net_cls
[    0.170010] Initializing cgroup subsys perf_event
[    0.170823] Initializing cgroup subsys net_prio
[    0.171600] Initializing cgroup subsys hugetlb
[    0.172363] Initializing cgroup subsys pids
[    0.185326] mce: CPU supports 0 MCE banks
[    0.186195] Last level iTLB entries: 4KB 1024, 2MB 1024, 4MB 512
[    0.187245] Last level dTLB entries: 4KB 1536, 2MB 1536, 4MB 768, 1GB 0
[    0.188274] Spectre V1 : Mitigation: usercopy/swapgs barriers and __user pointer sanitization
[    0.189731] Spectre V2 : Spectre mitigation: LFENCE not serializing, switching to generic retpoline
[    0.191288] Spectre V2 : Mitigation: Full generic retpoline
[    0.192190] Spectre V2 : Spectre v2 / SpectreRSB mitigation: Filling RSB on context switch
[    0.196404] Freeing SMP alternatives memory: 36K
[    0.205527] ftrace: allocating 32380 entries in 127 pages
[    0.276344] smpboot: APIC(0) Converting physical 0 to logical package 0
[    0.277620] smpboot: Max logical packages: 1
[    0.278932] x2apic enabled
[    0.279930] Switched APIC routing to physical x2apic.
[    0.282382] ..TIMER: vector=0x30 apic1=0 pin1=2 apic2=-1 pin2=-1
[    0.391823] smpboot: CPU0: AMD Ryzen 5 3500U with Radeon Vega Mobile Gfx (family: 0x17, model: 0x18, stepping: 0x1)
[    0.394598] Performance Events: Broken PMU hardware detected, using software events only.
[    0.396630] Failed to access perfctr msr (MSR c0010007 is 0)
[    0.407407] KVM setup paravirtual spinlock
[    0.409054] x86: Booting SMP configuration:
[    0.409853] .... node  #0, CPUs:      #1
[    0.410842] kvm-clock: cpu 1, msr 0:3ffe3041, secondary cpu clock
[    0.424175] mce: CPU supports 0 MCE banks
[    0.426890] x86: Booted up 1 node, 2 CPUs
[    0.427794] smpboot: Total of 2 processors activated (8384.24 BogoMIPS)
[    0.429793] devtmpfs: initialized
[    0.432818] evm: security.selinux
[    0.433789] evm: security.SMACK64
[    0.434996] evm: security.SMACK64EXEC
[    0.436216] evm: security.SMACK64TRANSMUTE
[    0.437121] evm: security.SMACK64MMAP
[    0.438045] evm: security.ima
[    0.438892] evm: security.capability
[    0.441521] clocksource: jiffies: mask: 0xffffffff max_cycles: 0xffffffff, max_idle_ns: 7645041785100000 ns
[    0.443314] futex hash table entries: 512 (order: 3, 32768 bytes)
[    0.444517] pinctrl core: initialized pinctrl subsystem
[    0.446105] RTC time:  9:46:23, date: 10/18/22
[    0.447330] NET: Registered protocol family 16
[    0.454541] cpuidle: using governor ladder
[    0.462317] cpuidle: using governor menu
[    0.463224] PCCT header not found.
[    0.464376] ACPI: bus type PCI registered
[    0.465545] acpiphp: ACPI Hot Plug PCI Controller Driver version: 0.5
[    0.467024] PCI: Using configuration type 1 for base access
[    0.468208] PCI: Using configuration type 1 for extended access
[    0.474655] ACPI: Added _OSI(Module Device)
[    0.475473] ACPI: Added _OSI(Processor Device)
[    0.476259] ACPI: Added _OSI(3.0 _SCP Extensions)
[    0.477110] ACPI: Added _OSI(Processor Aggregator Device)
[    0.478460] ACPI: Executed 1 blocks of module-level executable AML code
[    0.481371] ACPI: Interpreter enabled
[    0.482234] ACPI: (supports S0 S5)
[    0.483150] ACPI: Using IOAPIC for interrupt routing
[    0.484901] PCI: Using host bridge windows from ACPI; if necessary, use "pci=nocrs" and report a bug
[    0.491342] ACPI: PCI Root Bridge [PCI0] (domain 0000 [bus 00-ff])
[    0.492873] acpi PNP0A03:00: _OSC: OS supports [ExtendedConfig ASPM ClockPM Segments MSI]
[    0.495911] acpi PNP0A03:00: _OSC: platform does not support [PCIeCapability]
[    0.498010] acpi PNP0A03:00: _OSC: not requesting control; platform does not support [PCIeCapability]
[    0.500221] acpi PNP0A03:00: _OSC: OS requested [PCIeHotplug PME AER PCIeCapability]
[    0.501964] acpi PNP0A03:00: _OSC: platform willing to grant [PCIeHotplug PME AER]
[    0.503884] acpi PNP0A03:00: _OSC failed (AE_SUPPORT); disabling ASPM
[    0.505757] PCI host bridge to bus 0000:00
[    0.506605] pci_bus 0000:00: root bus resource [io  0x0000-0x0cf7 window]
[    0.507734] pci_bus 0000:00: root bus resource [io  0x0d00-0xffff window]
[    0.508827] pci_bus 0000:00: root bus resource [mem 0x000a0000-0x000bffff window]
[    0.521243] pci_bus 0000:00: root bus resource [mem 0x40000000-0xfdffffff window]
[    0.523077] pci_bus 0000:00: root bus resource [bus 00-ff]
[    0.526651] pci 0000:00:01.1: legacy IDE quirk: reg 0x10: [io  0x01f0-0x01f7]
[    0.527748] pci 0000:00:01.1: legacy IDE quirk: reg 0x14: [io  0x03f6]
[    0.528812] pci 0000:00:01.1: legacy IDE quirk: reg 0x18: [io  0x0170-0x0177]
[    0.529957] pci 0000:00:01.1: legacy IDE quirk: reg 0x1c: [io  0x0376]
[    0.551726] pci 0000:00:07.0: quirk: [io  0x4000-0x403f] claimed by PIIX4 ACPI
[    0.553173] pci 0000:00:07.0: quirk: [io  0x4100-0x410f] claimed by PIIX4 SMB
[    0.561438] ACPI: PCI Interrupt Link [LNKA] (IRQs 5 9 10 *11)
[    0.563045] ACPI: PCI Interrupt Link [LNKB] (IRQs 5 9 *10 11)
[    0.564523] ACPI: PCI Interrupt Link [LNKC] (IRQs 5 *9 10 11)
[    0.567234] ACPI: PCI Interrupt Link [LNKD] (IRQs 5 9 10 *11)
[    0.569476] ACPI: Enabled 2 GPEs in block 00 to 07
[    0.571408] vgaarb: setting as boot device: PCI:0000:00:02.0
[    0.572621] vgaarb: device added: PCI:0000:00:02.0,decodes=io+mem,owns=io+mem,locks=none
[    0.574343] vgaarb: loaded
[    0.575012] vgaarb: bridge control possible 0000:00:02.0
[    0.576164] SCSI subsystem initialized
[    0.577026] ACPI: bus type USB registered
[    0.577950] usbcore: registered new interface driver usbfs
[    0.579137] usbcore: registered new interface driver hub
[    0.580102] usbcore: registered new device driver usb
[    0.581333] PCI: Using ACPI for IRQ routing
[    0.582410] NetLabel: Initializing
[    0.583037] NetLabel:  domain hash size = 128
[    0.583794] NetLabel:  protocols = UNLABELED CIPSOv4
[    0.584815] NetLabel:  unlabeled traffic allowed by default
[    0.585972] amd_nb: Cannot enumerate AMD northbridges
[    0.586844] clocksource: Switched to clocksource kvm-clock
[    0.595644] AppArmor: AppArmor Filesystem Enabled
[    0.596589] pnp: PnP ACPI init
[    0.598132] pnp: PnP ACPI: found 3 devices
[    0.608833] clocksource: acpi_pm: mask: 0xffffff max_cycles: 0xffffff, max_idle_ns: 2085701024 ns
[    0.610408] NET: Registered protocol family 2
[    0.611345] TCP established hash table entries: 8192 (order: 4, 65536 bytes)
[    0.612406] TCP bind hash table entries: 8192 (order: 5, 131072 bytes)
[    0.613398] TCP: Hash tables configured (established 8192 bind 8192)
[    0.616230] UDP hash table entries: 512 (order: 2, 16384 bytes)
[    0.617254] UDP-Lite hash table entries: 512 (order: 2, 16384 bytes)
[    0.618857] NET: Registered protocol family 1
[    0.619955] pci 0000:00:00.0: Limiting direct PCI/PCI transfers
[    0.620968] pci 0000:00:01.0: Activating ISA DMA hang workarounds
[    0.622078] Unpacking initramfs...
[    0.861924] Freeing initrd memory: 14888K
[    0.863160] clocksource: tsc: mask: 0xffffffffffffffff max_cycles: 0x1e36a88731c, max_idle_ns: 440795269020 ns
[    0.865280] platform rtc_cmos: registered platform RTC device (no PNP device found)
[    0.867125] Scanning for low memory corruption every 60 seconds
[    0.868699] audit: initializing netlink subsys (disabled)
[    0.869904] audit: type=2000 audit(1666086388.684:1): initialized
[    0.871482] Initialise system trusted keyring
[    0.872717] HugeTLB registered 2 MB page size, pre-allocated 0 pages
[    0.875028] zbud: loaded
[    0.876671] VFS: Disk quotas dquot_6.6.0
[    0.878456] VFS: Dquot-cache hash table entries: 512 (order 0, 4096 bytes)
[    0.881443] squashfs: version 4.0 (2009/01/31) Phillip Lougher
[    0.883017] fuse init (API version 7.23)
[    0.884136] Key type big_key registered
[    0.885010] Allocating IMA MOK and blacklist keyrings.
[    0.888490] Key type asymmetric registered
[    0.889290] Asymmetric key parser 'x509' registered
[    0.890226] Block layer SCSI generic (bsg) driver version 0.4 loaded (major 249)
[    0.891726] io scheduler noop registered
[    0.892617] io scheduler deadline registered (default)
[    0.893732] io scheduler cfq registered
[    0.894586] pci_hotplug: PCI Hot Plug PCI Core version: 0.5
[    0.895705] pciehp: PCI Express Hot Plug Controller Driver version: 0.4
[    0.896924] ACPI: AC Adapter [AC] (on-line)
[    0.897877] input: Power Button as /devices/LNXSYSTM:00/LNXPWRBN:00/input/input0
[    0.900110] ACPI: Power Button [PWRF]
[    0.901108] input: Sleep Button as /devices/LNXSYSTM:00/LNXSLPBN:00/input/input1
[    0.902856] ACPI: Sleep Button [SLPF]
[    0.904106] GHES: HEST is not enabled!
[    0.904678] ACPI: Battery Slot [BAT0] (battery present)
[    0.907681] Serial: 8250/16550 driver, 32 ports, IRQ sharing enabled
[    0.930423] 00:02: ttyS0 at I/O 0x3f8 (irq = 4, base_baud = 115200) is a 16550A
[    0.936541] Linux agpgart interface v0.103
[    0.939552] loop: module loaded
[    0.940761] scsi host0: ata_piix
[    0.941586] scsi host1: ata_piix
[    0.942295] ata1: PATA max UDMA/33 cmd 0x1f0 ctl 0x3f6 bmdma 0xd000 irq 14
[    0.943503] ata2: PATA max UDMA/33 cmd 0x170 ctl 0x376 bmdma 0xd008 irq 15
[    0.944714] libphy: Fixed MDIO Bus: probed
[    0.945499] tun: Universal TUN/TAP device driver, 1.6
[    0.946389] tun: (C) 1999-2004 Max Krasnyansky <maxk@qualcomm.com>
[    0.947520] PPP generic driver version 2.4.2
[    0.948697] ehci_hcd: USB 2.0 'Enhanced' Host Controller (EHCI) Driver
[    0.950720] ehci-pci: EHCI PCI platform driver
[    0.952012] ehci-platform: EHCI generic platform driver
[    0.953527] ohci_hcd: USB 1.1 'Open' Host Controller (OHCI) Driver
[    0.955024] ohci-pci: OHCI PCI platform driver
[    0.956223] ohci-platform: OHCI generic platform driver
[    0.957427] uhci_hcd: USB Universal Host Controller Interface driver
[    0.958943] i8042: PNP: PS/2 Controller [PNP0303:PS2K,PNP0f03:PS2M] at 0x60,0x64 irq 1,12
[    0.961545] serio: i8042 KBD port at 0x60,0x64 irq 1
[    0.962413] serio: i8042 AUX port at 0x60,0x64 irq 12
[    0.963498] mousedev: PS/2 mouse device common for all mice
[    0.965297] input: AT Translated Set 2 keyboard as /devices/platform/i8042/serio0/input/input2
[    0.967773] rtc_cmos rtc_cmos: rtc core: registered rtc_cmos as rtc0
[    0.969285] rtc_cmos rtc_cmos: alarms up to one day, 114 bytes nvram
[    0.970744] i2c /dev entries driver
[    0.971659] device-mapper: uevent: version 1.0.3
[    0.972807] device-mapper: ioctl: 4.34.0-ioctl (2015-10-28) initialised: dm-devel@redhat.com
[    0.974421] ledtrig-cpu: registered to indicate activity on CPUs
[    0.976062] NET: Registered protocol family 10
[    0.977043] NET: Registered protocol family 17
[    0.977867] Key type dns_resolver registered
[    0.979055] registered taskstats version 1
[    0.979831] Loading compiled-in X.509 certificates
[    0.981129] Loaded X.509 cert 'Build time autogenerated kernel key: cf00e047681d67edb2720680708b7d9498083038'
[    0.984267] zswap: loaded using pool lzo/zbud
[    0.987590] Key type trusted registered
[    0.991728] Key type encrypted registered
[    0.992546] AppArmor: AppArmor sha1 policy hashing enabled
[    0.993651] ima: No TPM chip found, activating TPM-bypass!
[    0.994744] ima: Allocated hash algorithm: sha1
[    0.995640] evm: HMAC attrs: 0x1
[    0.996536]   Magic number: 10:566:778
[    0.997471] rtc_cmos rtc_cmos: setting system clock to 2022-10-18 09:46:24 UTC (1666086384)
[    1.000520] BIOS EDD facility v0.16 2004-Jun-25, 0 devices found
[    1.001742] EDD information not available.
[    1.704783] Freeing unused kernel memory: 1492K
[    1.705911] Write protecting the kernel read-only data: 14336k
[    1.707983] Freeing unused kernel memory: 1584K
[    1.709195] Freeing unused kernel memory: 52K
Loading, please wait...
starting version 229
[    1.735305] random: systemd-udevd: uninitialized urandom read (16 bytes read, 4 bits of entropy available)
[    1.736361] random: udevadm: uninitialized urandom read (16 bytes read, 4 bits of entropy available)
[    1.736387] random: udevadm: uninitialized urandom read (16 bytes read, 4 bits of entropy available)
[    1.743351] random: systemd-udevd: uninitialized urandom read (16 bytes read, 4 bits of entropy available)
[    1.746105] random: systemd-udevd: uninitialized urandom read (16 bytes read, 4 bits of entropy available)
[    1.748203] random: udevadm: uninitialized urandom read (16 bytes read, 4 bits of entropy available)
[    1.748276] random: udevadm: uninitialized urandom read (16 bytes read, 4 bits of entropy available)
[    1.748441] random: udevadm: uninitialized urandom read (16 bytes read, 4 bits of entropy available)
[    1.748510] random: udevadm: uninitialized urandom read (16 bytes read, 4 bits of entropy available)
[    1.748560] random: udevadm: uninitialized urandom read (16 bytes read, 4 bits of entropy available)
[    1.810036] e1000: Intel(R) PRO/1000 Network Driver - version 7.3.21-k8-NAPI
[    1.811519] e1000: Copyright (c) 1999-2006 Intel Corporation.
[    1.812735] Fusion MPT base driver 3.04.20
[    1.813960] Copyright (c) 1999-2008 LSI Corporation
[    1.822003] Fusion MPT SPI Host driver 3.04.20
[    1.847594] AVX2 version of gcm_enc/dec engaged.
[    1.848588] AES CTR mode by8 optimization enabled
[    2.029042] input: ImExPS/2 Generic Explorer Mouse as /devices/platform/i8042/serio1/input/input4
[    2.237043] e1000 0000:00:03.0 eth0: (PCI:33MHz:32-bit) 02:be:82:6b:cc:1d
[    2.238530] e1000 0000:00:03.0 eth0: Intel(R) PRO/1000 Network Connection
[    2.240631] mptbase: ioc0: Initiating bringup
[    2.241134] e1000 0000:00:03.0 enp0s3: renamed from eth0
[    2.303234] ioc0: LSI53C1030 A0: Capabilities={Initiator}
[    2.466083] scsi host2: ioc0: LSI53C1030 A0, FwRev=00000000h, Ports=1, MaxQ=256, IRQ=20
[    2.976748] scsi 2:0:0:0: Direct-Access     VBOX     HARDDISK         1.0  PQ: 0 ANSI: 5
[    2.979307] scsi target2:0:0: Beginning Domain Validation
[    2.981828] scsi target2:0:0: Domain Validation skipping write tests
[    2.993851] scsi target2:0:0: Ending Domain Validation
[    2.995409] scsi target2:0:0: asynchronous
[    2.997335] scsi 2:0:1:0: Direct-Access     VBOX     HARDDISK         1.0  PQ: 0 ANSI: 5
[    2.999673] scsi target2:0:1: Beginning Domain Validation
[    3.002469] scsi target2:0:1: Domain Validation skipping write tests
[    3.003975] scsi target2:0:1: Ending Domain Validation
[    3.005454] scsi target2:0:1: asynchronous
[    3.014704] sd 2:0:0:0: Attached scsi generic sg0 type 0
[    3.014875] sd 2:0:0:0: [sda] 83886080 512-byte logical blocks: (42.9 GB/40.0 GiB)
[    3.015058] sd 2:0:0:0: [sda] Write Protect is off
[    3.015158] sd 2:0:0:0: [sda] Incomplete mode parameter data
[    3.015160] sd 2:0:0:0: [sda] Assuming drive cache: write through
[    3.016440]  sda: sda1
[    3.017565] sd 2:0:0:0: [sda] Attached SCSI disk
[    3.024436] sd 2:0:1:0: Attached scsi generic sg1 type 0
[    3.024591] sd 2:0:1:0: [sdb] 20480 512-byte logical blocks: (10.5 MB/10.0 MiB)
[    3.024794] sd 2:0:1:0: [sdb] Write Protect is off
[    3.024915] sd 2:0:1:0: [sdb] Incomplete mode parameter data
[    3.024917] sd 2:0:1:0: [sdb] Assuming drive cache: write through
[    3.027549] sd 2:0:1:0: [sdb] Attached SCSI disk
Begin: Loading essential drivers ... [    4.456922] md: linear personality registered for level -1
[    4.460661] md: multipath personality registered for level -4
[    4.464486] md: raid0 personality registered for level 0
[    4.469542] md: raid1 personality registered for level 1
[    4.543311] raid6: sse2x1   gen()  5821 MB/s
[    4.612351] raid6: sse2x1   xor()  6361 MB/s
[    4.679044] raid6: sse2x2   gen() 11199 MB/s
[    4.748572] raid6: sse2x2   xor()  8156 MB/s
[    4.815203] raid6: sse2x4   gen() 10209 MB/s
[    4.883319] raid6: sse2x4   xor()  6818 MB/s
[    4.952939] raid6: avx2x1   gen() 13648 MB/s
[    5.020510] raid6: avx2x2   gen() 18276 MB/s
[    5.087065] raid6: avx2x4   gen() 19356 MB/s
[    5.088511] raid6: using algorithm avx2x4 gen() 19356 MB/s
[    5.089687] raid6: using avx2x2 recovery algorithm
[    5.092410] xor: automatically using best checksumming function:
[    5.131092]    avx       : 16501.000 MB/sec
[    5.133985] async_tx: api initialized (async)
[    5.144371] md: raid6 personality registered for level 6
[    5.145789] md: raid5 personality registered for level 5
[    5.147142] md: raid4 personality registered for level 4
[    5.156635] md: raid10 personality registered for level 10
done.
Begin: Running /scripts/init-premount ... done.
Begin: Mounting root file system ... Begin: Running /scripts/local-top ... done.
Begin: Running /scripts/local-premount ... [    5.188226] Btrfs loaded
Scanning for Btrfs filesystems
done.
Warning: fsck not present, so skipping root file system
[    5.231387] EXT4-fs (sda1): mounted filesystem with ordered data mode. Opts: (null)
done.
Begin: Running /scripts/local-bottom ... done.
Begin: Running /scripts/init-bottom ... done.
[    5.325730] systemd[1]: systemd 229 running in system mode. (+PAM +AUDIT +SELINUX +IMA +APPARMOR +SMACK +SYSVINIT +UTMP +LIBCRYPTSETUP +GCRYPT +GNUTLS +ACL +XZ -LZ4 +SECCOMP +BLKID +ELFUTILS +KMOD -IDN)
[    5.329282] systemd[1]: Detected virtualization oracle.
[    5.330586] systemd[1]: Detected architecture x86-64.

Welcome to [1mUbuntu 16.04.7 LTS[0m!

[    5.335611] systemd[1]: Set hostname to <ubuntu>.
[    5.339050] systemd[1]: Initializing machine ID from random generator.
[    5.340822] systemd[1]: Installed transient /etc/machine-id file.
[    5.488998] systemd[1]: Reached target System Time Synchronized.
[[0;32m  OK  [0m] Reached target System Time Synchronized.
[    5.492433] systemd[1]: Created slice User and Session Slice.
[[0;32m  OK  [0m] Created slice User and Session Slice.
[    5.494959] systemd[1]: Listening on Syslog Socket.
[[0;32m  OK  [0m] Listening on Syslog Socket.
[    5.496887] systemd[1]: Reached target Swap.
[[0;32m  OK  [0m] Reached target Swap.
[    5.498576] systemd[1]: Listening on Journal Socket.
[[0;32m  OK  [0m] Listening on Journal Socket.
[    5.500408] systemd[1]: Listening on Device-mapper event daemon FIFOs.
[[0;32m  OK  [0m] Listening on Device-mapper event daemon FIFOs.
[    5.502602] systemd[1]: Reached target User and Group Name Lookups.
[[0;32m  OK  [0m] Reached target User and Group Name Lookups.
[    5.511413] systemd[1]: Started Forward Password Requests to Wall Directory Watch.
[[0;32m  OK  [0m] Started Forward Password Requests to Wall Directory Watch.
[    5.515196] systemd[1]: Started Trigger resolvconf update for networkd DNS.
[[0;32m  OK  [0m] Started Trigger resolvconf update for networkd DNS.
[    5.518020] systemd[1]: Listening on LVM2 poll daemon socket.
[[0;32m  OK  [0m] Listening on LVM2 poll daemon socket.
[    5.521187] systemd[1]: Created slice System Slice.
[[0;32m  OK  [0m] Created slice System Slice.
[    5.535827] systemd[1]: Mounting Huge Pages File System...
         Mounting Huge Pages File System...
[    5.541826] systemd[1]: Mounting Debug File System...
         Mounting Debug File System...
[    5.552096] systemd[1]: Starting Set console keymap...
         Starting Set console keymap...
[    5.563768] systemd[1]: Reached target Slices.
[[0;32m  OK  [0m] Reached target Slices.
[    5.584720] systemd[1]: Starting Load Kernel Modules...
         Starting Load Kernel Modules...
[    5.588587] systemd[1]: Mounting POSIX Message Queue File System...
         Mounting POSIX Message Queue File System...
[    5.591745] systemd[1]: Created slice system-serial\x2dgetty.slice.
[[0;32m  OK  [0m] Created slice system-serial\x2dgetty.slice.
[    5.596875] systemd[1]: Listening on /dev/initctl Compatibility Named Pipe.
[[0;32m  OK  [0m] Listening on /dev/initctl Compatibility Named Pipe.
[    5.601179] systemd[1]: Listening on Journal Audit Socket.
[[0;32m  OK  [0m] Listening on Journal Audit Socket.
[    5.604875] systemd[1]: Listening on LVM2 metadata daemon socket.
[[0;32m  OK  [0m] Listening on LVM2 metadata daemon socket.
[    5.608203] systemd[1]: Starting Monitoring of LVM2 mirrors, snapshots etc. using dmeventd or progress polling...
[    5.610526] Loading iSCSI transport class v2.0-870.
         Starting Monitoring of LVM2 mirrors... dmeventd or progress polling...
[    5.612272] systemd[1]: Listening on udev Kernel Socket.
[[0;32m  OK  [0m] Listening on udev Kernel Socket.
[    5.614309] systemd[1]: Listening on Journal Socket (/dev/log).
[[0;32m  OK  [0m] Listening on Journal Socket (/dev/log).
[    5.618063] systemd[1]: Starting Journal Service...
         Starting Journal Service...
[    5.621939] systemd[1]: Reached target Encrypted Volumes.
[[0;32m  OK  [0m] Reached target Encrypted Volumes.
[    5.624598] systemd[1]: Listening on fsck to fsckd communication Socket.
[    5.626705] iscsi: registered transport (tcp)
[[0;32m  OK  [0m] Listening on fsck to fsckd communication Socket.
[    5.628894] systemd[1]: Starting File System Check on Root Device...
         Starting File System Check on Root Device...
[    5.633238] systemd[1]: Starting Uncomplicated firewall...
         Starting Uncomplicated firewall...
[    5.637287] systemd[1]: Set up automount Arbitrary Executable File Formats File System Automount Point.
[[0;32m  OK  [0m] Set up automount Arbitrary Executab...ats File System Automount Point.
[    5.647457] systemd[1]: Listening on udev Control Socket.
[[0;32m  OK  [0m] Listening on udev Control Socket.
[    5.650315] systemd[1]: Starting Create list of required static device nodes for the current kernel...
         Starting Create list of required st... nodes for the current kernel...
[    5.655238] systemd[1]: Starting Nameserver information manager...
         Starting Nameserver information manager...
[    5.669510] systemd[1]: Mounted Huge Pages File System.
[[0;32m  OK  [0m] Mounted Huge Pages File System.
[    5.672202] systemd[1]: Mounted POSIX Message Queue File System.
[[0;32m  OK  [0m] Mounted POSIX Message Queue File System.
[    5.674290] systemd[1]: Mounted Debug File System.
[[0;32m  OK  [0m] Mounted Debug File System.
[    5.676758] systemd[1]: Started Journal Service.
[[0;32m  OK  [0m] Started Journal Service.
[[0;32m  OK  [0m] Started Set console keymap.
[    5.681878] iscsi: registered transport (iser)
[[0;32m  OK  [0m] Started File System Check on Root Device.
[[0;32m  OK  [0m] Started Uncomplicated firewall.
[[0;32m  OK  [0m] Started Load Kernel Modules.
[[0;32m  OK  [0m] Started Create list of required sta...ce nodes for the current kernel.
[[0;32m  OK  [0m] Started File System Check Daemon to report status.
[[0;32m  OK  [0m] Started LVM2 metadata daemon.
         Starting Create Static Device Nodes in /dev...
         Mounting FUSE Control File System...
         Starting Apply Kernel Variables...
         Starting Remount Root and Kernel File Systems...
[[0;32m  OK  [0m] Mounted FUSE Control File System.
[[0;32m  OK  [0m] Started Nameserver information manager.
[    5.718626] EXT4-fs (sda1): re-mounted. Opts: (null)
[[0;32m  OK  [0m] Started Apply Kernel Variables.
[[0;32m  OK  [0m] Started Remount Root and Kernel File Systems.
         Starting Flush Journal to Persistent Storage...
         Starting Load/Save Random Seed...
         Starting udev Coldplug all Devices...
[[0;32m  OK  [0m] Started Flush Journal to Persistent Storage.
[[0;32m  OK  [0m] Started Create Static Device Nodes in /dev.
         Starting udev Kernel Device Manager...
[[0;32m  OK  [0m] Started Load/Save Random Seed.
[[0;32m  OK  [0m] Started udev Kernel Device Manager.
[[0;32m  OK  [0m] Started udev Coldplug all Devices.
[[0;32m  OK  [0m] Started Dispatch Password Requests to Console Directory Watch.
[[0;32m  OK  [0m] Started Monitoring of LVM2 mirrors,...ng dmeventd or progress polling.
[[0;32m  OK  [0m] Reached target Local File Systems (Pre).
[[0;32m  OK  [0m] Reached target Local File Systems.
         Starting Commit a transient machine-id on disk...
         Starting Tell Plymouth To Write Out Runtime Data...
         Starting Set console font and keymap...
         Starting Initial cloud-init job (pre-networking)...
         Starting LSB: AppArmor initialization...
         Starting Create Volatile Files and Directories...
[[0;32m  OK  [0m] Started Create Volatile Files and Directories.
         Starting Update UTMP about System Boot/Shutdown...
[[0;32m  OK  [0m] Started Update UTMP about System Boot/Shutdown.
[[0;32m  OK  [0m] Started Tell Plymouth To Write Out Runtime Data.
[[0;32m  OK  [0m] Started Commit a transient machine-id on disk.
[[0;32m  OK  [0m] Found device /dev/ttyS0.
[[0;32m  OK  [0m] Listening on Load/Save RF Kill Switch Status /dev/rfkill Watch.
[[0;32m  OK  [0m] Started LSB: AppArmor initialization.
         Starting Load AppArmor profiles managed internally by snapd...
[[0;32m  OK  [0m] Started Load AppArmor profiles managed internally by snapd.
[    7.602701] cloud-init[514]: Cloud-init v. 21.1-19-gbad84ad4-0ubuntu1~16.04.2 running 'init-local' at Tue, 18 Oct 2022 09:46:30 +0000. Up 7.09 seconds.[[0;32m  OK  [0m] Started Set console font and keymap.
[[0;32m  OK  [0m] Created slice system-getty.slice.

[[0;32m  OK  [0m] Started Initial cloud-init job (pre-networking).
[[0;32m  OK  [0m] Reached target Network (Pre).
         Starting Raise network interfaces...
[[0;32m  OK  [0m] Started Raise network interfaces.
[[0;32m  OK  [0m] Reached target Network.
         Starting Initial cloud-init job (metadata service crawler)...
[    9.101560] cloud-init[963]: Cloud-init v. 21.1-19-gbad84ad4-0ubuntu1~16.04.2 running 'init' at Tue, 18 Oct 2022 09:46:32 +0000. Up 8.33 seconds.
[    9.103427] cloud-init[963]: ci-info: ++++++++++++++++++++++++++++++++++++++Net device info++++++++++++++++++++++++++++++++++++++
[    9.105394] cloud-init[963]: ci-info: +--------+------+----------------------------+---------------+--------+-------------------+
[    9.106671] cloud-init[963]: ci-info: | Device |  Up  |          Address           |      Mask     | Scope  |     Hw-Address    |
[    9.108039] cloud-init[963]: ci-info: +--------+------+----------------------------+---------------+--------+-------------------+
[    9.109912] cloud-init[963]: ci-info: | enp0s3 | True |         10.0.2.15          | 255.255.255.0 | global | 02:be:82:6b:cc:1d |
[    9.111231] cloud-init[963]: ci-info: | enp0s3 | True | fe80::be:82ff:fe6b:cc1d/64 |       .       |  link  | 02:be:82:6b:cc:1d |
[    9.112973] cloud-init[963]: ci-info: |   lo   | True |         127.0.0.1          |   255.0.0.0   |  host  |         .         |
[    9.114843] cloud-init[963]: ci-info: |   lo   | True |          ::1/128           |       .       |  host  |         .         |
[    9.116895] cloud-init[963]: ci-info: +--------+------+----------------------------+---------------+--------+-------------------+
[    9.118574] cloud-init[963]: ci-info: +++++++++++++++++++++++++++Route IPv4 info++++++++++++++++++++++++++++
[    9.119621] cloud-init[963]: ci-info: +-------+-------------+----------+---------------+-----------+-------+
[    9.120710] cloud-init[963]: ci-info: | Route | Destination | Gateway  |    Genmask    | Interface | Flags |
[    9.121852] cloud-init[963]: ci-info: +-------+-------------+----------+---------------+-----------+-------+
[    9.123098] cloud-init[963]: ci-info: |   0   |   0.0.0.0   | 10.0.2.2 |    0.0.0.0    |   enp0s3  |   UG  |
[    9.125072] cloud-init[963]: ci-info: |   1   |   10.0.2.0  | 0.0.0.0  | 255.255.255.0 |   enp0s3  |   U   |
[    9.133162] cloud-init[963]: ci-info: +-------+-------------+----------+---------------+-----------+-------+
[    9.134864] cloud-init[963]: ci-info: +++++++++++++++++++Route IPv6 info+++++++++++++++++++
[    9.136047] cloud-init[963]: ci-info: +-------+-------------+---------+-----------+-------+
[    9.138650] cloud-init[963]: ci-info: | Route | Destination | Gateway | Interface | Flags |
[    9.141628] cloud-init[963]: ci-info: +-------+-------------+---------+-----------+-------+
[    9.143245] cloud-init[963]: ci-info: |   0   |  fe80::/64  |    ::   |   enp0s3  |   U   |
[    9.145087] cloud-init[963]: ci-info: |   3   |   ff00::/8  |    ::   |   enp0s3  |   U   |
[    9.146924] cloud-init[963]: ci-info: +-------+-------------+---------+-----------+-------+
[    9.148156] cloud-init[963]: Generating public/private rsa key pair.
[    9.149388] cloud-init[963]: Your identification has been saved in /etc/ssh/ssh_host_rsa_key.
[    9.150515] cloud-init[963]: Your public key has been saved in /etc/ssh/ssh_host_rsa_key.pub.
[    9.151897] cloud-init[963]: The key fingerprint is:
[    9.153032] cloud-init[963]: SHA256:MckNCXad79kOY3QTzniIcQT113N1E64L9euRJWYpsS8 root@ubuntu-xenial
[    9.154281] cloud-init[963]: The key's randomart image is:
[    9.155467] cloud-init[963]: +---[RSA 2048]----+
[    9.156265] cloud-init[963]: |      o.oo.=o  o+|
[    9.157256] cloud-init[963]: |     . o.++ ..o =|
[    9.158278] cloud-init[963]: |        = .=.*.++|
[    9.159371] cloud-init[963]: |         o. *oOoo|
[    9.160233] cloud-init[963]: |        S  +o*=o.|
[    9.161082] cloud-init[963]: |            B=o.+|
[    9.162074] cloud-init[963]: |           .E=.+ |
[    9.163339] cloud-init[963]: |             .o .|
[    9.164285] cloud-init[963]: |               . |
[    9.165424] cloud-init[963]: +----[SHA256]-----+
[    9.166650] cloud-init[963]: Generating public/private dsa key pair.
[    9.173312] cloud-init[963]: Your identification has been saved in /etc/ssh/ssh_host_dsa_key.[[0;32m  OK  [0m] Started Initial cloud-init job (metadata service crawler).
[[0;32m  OK  [0m] Reached target Network is Online.

[    9.176290] cloud-init[963]: Your public key has been saved in /etc/ssh/ssh_host_dsa_key.pub.
[    9.177509] cloud-init[963]: The key fingerprint is:
[    9.178404] cloud-init[963]: SHA256:ieHuF3XWH/lHuaLFRwrF2oQx/etSTohOHIx5tGUbaLM root@ubuntu-xenial
[    9.179880] cloud-init[963]: The key's randomart image is:
[    9.180978] cloud-init[963]: +---[DSA 1024]----+
[    9.182125] cloud-init[963]: |           o*    |
[    9.183116] cloud-init[963]: |           *.O   |
[    9.184091] cloud-init[963]: |      .   * @.+ o|
[    9.185232] cloud-init[963]: |     . o +.Eoo.*.|
[    9.186318] cloud-init[963]: |      o S.oo= +o=|
[    9.187401] cloud-init[963]: |     .  .  + * *+|
[    9.188437]          Starting iSCSI initiator daemon (iscsid)...
[[0;32m  OK  [0m] Reached target System Initialization.
         Starting Socket activation for snappy daemon.
[[0;32m  OK  [0m] Listening on D-Bus System Message Bus Socket.
[[0;32m  OK  [0m] Started Ubuntu Advantage update messaging.
[[0;32m  OK  [0m] Listening on UUID daemon activation socket.
[cloud-init[963]: |      .  .o o B .|
[    9.192614] cloud-init[0;32m  OK  [0m] Started Message of the Day.
[963]: |     .  .  o . o |
[    9.194476] cloud-init[963]: |      ..      .  |
[    9.195167] cloud-init[963]: +----[SHA256]-----+
[    9.196666] [[0;32m  OK  [0m] Started ACPI Events Check.
[[0;32m  OK  [0m] Reached target Paths.
cloud-init[963]: Generating public/private ecdsa key pair.
[    9.198794] cloud-init[963]: Your identification has been saved in /etc/ssh/ssh_host_ecdsa_key.
[    9.205620] [[0;32m  OK  [0m] Listening on ACPID Listen Socket.
[[0;32m  OK  [0m] Started Daily Cleanup of Temporary Directories.
[[0;32m  OK  [0m] Started Daily apt download activities.
[[0;32m  OK  [0m] Started Daily apt upgrade and clean activities.
[[0;32m  OK  [0m] Reached target Timers.
cloud-init[963]: Your public key has been saved in /etc/ssh/ssh_host_ecdsa_key.pub.         Starting LXD - unix socket.
[[0;32m  OK  [0m] Reached target Cloud-config availability.

[    9.210903] [[0;32m  OK  [0m] Listening on Socket activation for snappy daemon.
cloud-init[[0;32m  OK  [0m] Listening on LXD - unix socket.
[[0;32m  OK  [0m] Reached target Sockets.
[[0;32m  OK  [0m] Reached target Basic System.
[963]: The key fingerprint is:
[[0;32m  OK  [0m] Started D-Bus System Message Bus.
[    9.213905] cloud-init[963]: SHA256:30Rck/bRiFHWQGfLn6y0YFHbPMsKs1axLOeQcMjCK7w root@ubuntu-xenial
[    9.218471] cloud-init[963]: The key's randomart image is:
[    9.220373] cloud-init[963]: +---[ECDSA 256]---+
[    9.221865] cloud-init[963]: |            .*B=+|
[    9.223112] cloud-init[963]: |      . . ..ooO=+|
[    9.224321] cloud-init[963]: |       o + oo+ B.|
[    9.225361] cloud-init[963]: |    .   o o.+ = *|
[    9.226328] cloud-init[963]: |     o .S  O.* =.|
[    9.232959] cloud-init[963]: |      o  ..o% +  |
[    9.240499] cloud-init[963]: |     E    .o.=   |
[    9.241703] cloud-init[963]: |          .      |
[    9.242789] cloud-init[963]: |                 |
[    9.243973] cloud-init[963]: +----[SHA256]-----+
[    9.245089] cloud-init[963]: Generating public/private ed25519 key pair.
[    9.246551] cloud-init[963]: Your identification has been saved in /etc/ssh/ssh_host_ed25519_key.
[    9.248182] cloud-init[963]: Your public key has been saved in /etc/ssh/ssh_host_ed25519_key.pub.
[    9.249601] cloud-init[963]: The key fingerprint is:
[    9.250890] cloud-init[963]: SHA256:GdwuGkIhC35JqWt2GOKfDqLCpN17MsCBEyQ8ewLlHg4 root@ubuntu-xenial
[    9.252444] cloud-init[963]: The key's randomart image is:
[    9.253478] cloud-init[963]: +--[ED25519 256]--+
[    9.254354] cloud-init[963]: |=oo.o            |
[    9.255244] cloud-init[963]: |==.+.. . .       |
[    9.256228] cloud-init[963]: |E+Bo.   o .      |
[    9.257097] cloud-init[963]: |+Oo+     +       |
[    9.257922] cloud-init[963]: |ooO.. . S .      |
[    9.258659] cloud-init[963]: | Bo. . o .       |
[    9.259861] cloud-init[963]: |Booo. .          |
[    9.260858]          Starting Pollinate to seed the pseudo random number generator...
cloud-init[963]: [[0;32m  OK  [0m] Started Regular background program processing daemon.
|=.oo+ .          |
[[0;32m  OK  [0m] Started FUSE filesystem for LXC.[    9.272247] cloud-init[963]: |o ...=           |
[    9.272452] cloud-init[963]: +----[SHA256]-----+

         Starting /etc/rc.local Compatibility...
         Starting Login Service...
         Starting LSB: Record successful boot for GRUB...
         Starting Accounts Service...
         Starting System Logging Service...
[[0;32m  OK  [0m] Started ACPI event daemon.
         Starting Virtualbox guest utils...
[[0;32m  OK  [0m] Started Deferred execution scheduler.
         Starting Snap Daemon...
         Starting LSB: MD monitoring daemon...
         Starting LXD - container startup/shutdown...
[[0;32m  OK  [0m] Started iSCSI initiator daemon (iscsid).
[[0;32m  OK  [0m] Started /etc/rc.local Compatibility.
         Starting Login to default iSCSI targets...
[[0;32m  OK  [0m] Started System Logging Service.
[[0;32m  OK  [0m] Started Login Service.
[[0;32m  OK  [0m] Started Unattended Upgrades Shutdown.
[[0;32m  OK  [0m] Started Login to default iSCSI targets.
[[0;32m  OK  [0m] Reached target Remote File Systems (Pre).
[[0;32m  OK  [0m] Reached target Remote File Systems.
         Starting LSB: automatic crash report generation...
         Starting LSB: Set the CPU Frequency Scaling governor to "ondemand"...
         Starting Permit User Sessions...
         Starting LSB: daemon to balance interrupts for SMP systems...
[[0;32m  OK  [0m] Started LSB: Record successful boot for GRUB.
[[0;32m  OK  [0m] Started LSB: MD monitoring daemon.
[[0;32m  OK  [0m] Started Permit User Sessions.
         Starting Terminate Plymouth Boot Screen...
         Starting Hold until boot process finishes up...
[[0;32m  OK  [0m] Started Terminate Plymouth Boot Screen.
[[0;32m  OK  [0m] Started Hold until boot process finishes up.
[[0;32m  OK  [0m] Started Getty on tty1.
         Starting Set console scheme...
[[0;32m  OK  [0m] Started Serial Getty on ttyS0.
[[0;32m  OK  [0m] Reached target Login Prompts.
         Starting Authenticate and Authorize Users to Run Privileged Tasks...
[[0;32m  OK  [0m] Started LSB: Set the CPU Frequency Scaling governor to "ondemand".
[[0;32m  OK  [0m] Started Set console scheme.
[[0;32m  OK  [0m] Started LSB: automatic crash report generation.
[[0;32m  OK  [0m] Started LSB: daemon to balance interrupts for SMP systems.
[[0;32m  OK  [0m] Started LXD - container startup/shutdown.
[[0;32m  OK  [0m] Started Authenticate and Authorize Users to Run Privileged Tasks.
[[0;32m  OK  [0m] Started Accounts Service.
[[0;32m  OK  [0m] Started Virtualbox guest utils.
[[0;32m  OK  [0m] Started Snap Daemon.
         Starting Wait until snapd is fully seeded...
[[0;32m  OK  [0m] Started Wait until snapd is fully seeded.
         Starting Apply the settings specified in cloud-config...
[[0;32m  OK  [0m] Started Pollinate to seed the pseudo random number generator.
         Starting OpenBSD Secure Shell server...
[[0;32m  OK  [0m] Started OpenBSD Secure Shell server.
[[0;32m  OK  [0m] Reached target Multi-User System.
[[0;32m  OK  [0m] Reached target Graphical Interface.
         Starting Update UTMP about System Runlevel Changes...
[[0;32m  OK  [0m] Started Update UTMP about System Runlevel Changes.
[   10.538447] cloud-init[1283]: Generating locales (this might take a while)...
[   11.360276] cloud-init[1283]:   en_US.UTF-8... done
[   11.362114] cloud-init[1283]: Generation complete.
[   11.706931] cloud-init[1283]: Cloud-init v. 21.1-19-gbad84ad4-0ubuntu1~16.04.2 running 'modules:config' at Tue, 18 Oct 2022 09:46:34 +0000. Up 10.37 seconds.
[[0;32m  OK  [0m] Started Apply the settings specified in cloud-config.
         Starting Execute cloud user/final scripts...
ci-info: no authorized SSH keys fingerprints found for user ubuntu.
<14>Oct 18 09:46:36 ec2: 
<14>Oct 18 09:46:36 ec2: #############################################################
<14>Oct 18 09:46:36 ec2: -----BEGIN SSH HOST KEY FINGERPRINTS-----
<14>Oct 18 09:46:36 ec2: 1024 SHA256:ieHuF3XWH/lHuaLFRwrF2oQx/etSTohOHIx5tGUbaLM root@ubuntu-xenial (DSA)
<14>Oct 18 09:46:36 ec2: 256 SHA256:30Rck/bRiFHWQGfLn6y0YFHbPMsKs1axLOeQcMjCK7w root@ubuntu-xenial (ECDSA)
<14>Oct 18 09:46:36 ec2: 256 SHA256:GdwuGkIhC35JqWt2GOKfDqLCpN17MsCBEyQ8ewLlHg4 root@ubuntu-xenial (ED25519)
<14>Oct 18 09:46:36 ec2: 2048 SHA256:MckNCXad79kOY3QTzniIcQT113N1E64L9euRJWYpsS8 root@ubuntu-xenial (RSA)
<14>Oct 18 09:46:36 ec2: -----END SSH HOST KEY FINGERPRINTS-----
<14>Oct 18 09:46:36 ec2: #############################################################
-----BEGIN SSH HOST KEY KEYS-----
ecdsa-sha2-nistp256 AAAAE2VjZHNhLXNoYTItbmlzdHAyNTYAAAAIbmlzdHAyNTYAAABBBAWrqlYlfDL58rQVE5LbOob3ymox/NkJ/j00UwpcMaYIK+gMycMRWQq8xbmd9nZdEtWoTrhkFGnIkoajYQpsd8M= root@ubuntu-xenial
ssh-ed25519 AAAAC3NzaC1lZDI1NTE5AAAAICng6e26ErkuY8mAgOldYysLCeKQar9EWgB3JFC6Ze8X root@ubuntu-xenial
ssh-rsa AAAAB3NzaC1yc2EAAAADAQABAAABAQDeMlQ+/nncT2gyloAyfe6DCYpuQUKjhAK0Qm9IfIf2EcrQPm0ZMzKfaC6cQihvFras6tLWUlQ5gy+OW3DOJ0A9frImPBGiuXE/Vwy4Wyh9BbKXibrO3479Mzr5TAlZC1gqkM+YI+vIPkSWOc4mhHsPwwmf0Tu0864xiqgh4tBESDhQacAsTq5n2ZXet41EVhd1kl7Bztp54tCiOyI5T+jO+hxz7y/GU8kQGMQMx2HeiuxHRuMoHR8Wky3bG4SCTU3DV3e7EYkfNGIjAqH5x5D9sRaTE1e6EiK0gwhFY1mPjassXT58gHFYSfztC+IWR7U6drgu+uMGM8S657qHHfS7 root@ubuntu-xenial
-----END SSH HOST KEY KEYS-----
[   12.370642] cloud-init[1349]: Cloud-init v. 21.1-19-gbad84ad4-0ubuntu1~16.04.2 running 'modules:final' at Tue, 18 Oct 2022 09:46:35 +0000. Up 12.09 seconds.
[   12.374522] cloud-init[1349]: ci-info: no authorized SSH keys fingerprints found for user ubuntu.
[   12.377111] cloud-init[1349]: Cloud-init v. 21.1-19-gbad84ad4-0ubuntu1~16.04.2 finished at Tue, 18 Oct 2022 09:46:36 +0000. Datasource DataSourceNoCloud [seed=/dev/sdb][dsmode=net].  Up 12.35 seconds
[[0;32m  OK  [0m] Started Execute cloud user/final scripts.
[[0;32m  OK  [0m] Reached target Cloud-init target.

Ubuntu 16.04.7 LTS ubuntu-xenial ttyS0

ubuntu-xenial login: 