[    0.000000] Initializing cgroup subsys cpuset
[    0.000000] Initializing cgroup subsys cpu
[    0.000000] Initializing cgroup subsys cpuacct
[    0.000000] Linux version 4.4.0-210-generic (buildd@lgw01-amd64-009) (gcc version 5.4.0 20160609 (Ubuntu 5.4.0-6ubuntu1~16.04.12) ) #242-Ubuntu SMP Fri Apr 16 09:57:56 UTC 2021 (Ubuntu 4.4.0-210.242-generic 4.4.262)
[    0.000000] Command line: BOOT_IMAGE=/boot/vmlinuz-4.4.0-210-generic root=LABEL=cloudimg-rootfs ro console=tty1 console=ttyS0
[    0.000000] KERNEL supported cpus:
[    0.000000]   Intel GenuineIntel
[    0.000000]   AMD AuthenticAMD
[    0.000000]   Centaur CentaurHauls
[    0.000000] [Firmware Bug]: TSC doesn't count with P0 frequency!
[    0.000000] x86/fpu: xstate_offset[2]:  576, xstate_sizes[2]:  256
[    0.000000] x86/fpu: Supporting XSAVE feature 0x01: 'x87 floating point registers'
[    0.000000] x86/fpu: Supporting XSAVE feature 0x02: 'SSE registers'
[    0.000000] x86/fpu: Supporting XSAVE feature 0x04: 'AVX registers'
[    0.000000] x86/fpu: Enabled xstate features 0x7, context size is 832 bytes, using 'standard' format.
[    0.000000] e820: BIOS-provided physical RAM map:
[    0.000000] BIOS-e820: [mem 0x0000000000000000-0x000000000009fbff] usable
[    0.000000] BIOS-e820: [mem 0x000000000009fc00-0x000000000009ffff] reserved
[    0.000000] BIOS-e820: [mem 0x00000000000f0000-0x00000000000fffff] reserved
[    0.000000] BIOS-e820: [mem 0x0000000000100000-0x000000003ffeffff] usable
[    0.000000] BIOS-e820: [mem 0x000000003fff0000-0x000000003fffffff] ACPI data
[    0.000000] BIOS-e820: [mem 0x00000000fec00000-0x00000000fec00fff] reserved
[    0.000000] BIOS-e820: [mem 0x00000000fee00000-0x00000000fee00fff] reserved
[    0.000000] BIOS-e820: [mem 0x00000000fffc0000-0x00000000ffffffff] reserved
[    0.000000] NX (Execute Disable) protection: active
[    0.000000] SMBIOS 2.5 present.
[    0.000000] Hypervisor detected: KVM
[    0.000000] Kernel/User page tables isolation: disabled
[    0.000000] e820: last_pfn = 0x3fff0 max_arch_pfn = 0x400000000
[    0.000000] MTRR: Disabled
[    0.000000] x86/PAT: MTRRs disabled, skipping PAT initialization too.
[    0.000000] CPU MTRRs all blank - virtualized system.
[    0.000000] x86/PAT: Configuration [0-7]: WB  WT  UC- UC  WB  WT  UC- UC  
[    0.000000] found SMP MP-table at [mem 0x0009fff0-0x0009ffff] mapped at [ffff88000009fff0]
[    0.000000] Scanning 1 areas for low memory corruption
[    0.000000] RAMDISK: [mem 0x362dc000-0x37165fff]
[    0.000000] ACPI: Early table checksum verification disabled
[    0.000000] ACPI: RSDP 0x00000000000E0000 000024 (v02 VBOX  )
[    0.000000] ACPI: XSDT 0x000000003FFF0030 00003C (v01 VBOX   VBOXXSDT 00000001 ASL  00000061)
[    0.000000] ACPI: FACP 0x000000003FFF00F0 0000F4 (v04 VBOX   VBOXFACP 00000001 ASL  00000061)
[    0.000000] ACPI: DSDT 0x000000003FFF0470 002325 (v02 VBOX   VBOXBIOS 00000002 INTL 20100528)
[    0.000000] ACPI: FACS 0x000000003FFF0200 000040
[    0.000000] ACPI: FACS 0x000000003FFF0200 000040
[    0.000000] ACPI: APIC 0x000000003FFF0240 00005C (v02 VBOX   VBOXAPIC 00000001 ASL  00000061)
[    0.000000] ACPI: SSDT 0x000000003FFF02A0 0001CC (v01 VBOX   VBOXCPUT 00000002 INTL 20100528)
[    0.000000] No NUMA configuration found
[    0.000000] Faking a node at [mem 0x0000000000000000-0x000000003ffeffff]
[    0.000000] NODE_DATA(0) allocated [mem 0x3ffeb000-0x3ffeffff]
[    0.000000] kvm-clock: Using msrs 4b564d01 and 4b564d00
[    0.000000] kvm-clock: cpu 0, msr 0:3ffe3001, primary cpu clock
[    0.000000] kvm-clock: using sched offset of 3262897539 cycles
[    0.000000] clocksource: kvm-clock: mask: 0xffffffffffffffff max_cycles: 0x1cd42e4dffb, max_idle_ns: 881590591483 ns
[    0.000000] Zone ranges:
[    0.000000]   DMA      [mem 0x0000000000001000-0x0000000000ffffff]
[    0.000000]   DMA32    [mem 0x0000000001000000-0x000000003ffeffff]
[    0.000000]   Normal   empty
[    0.000000]   Device   empty
[    0.000000] Movable zone start for each node
[    0.000000] Early memory node ranges
[    0.000000]   node   0: [mem 0x0000000000001000-0x000000000009efff]
[    0.000000]   node   0: [mem 0x0000000000100000-0x000000003ffeffff]
[    0.000000] Initmem setup node 0 [mem 0x0000000000001000-0x000000003ffeffff]
[    0.000000] ACPI: PM-Timer IO Port: 0x4008
[    0.000000] IOAPIC[0]: apic_id 2, version 32, address 0xfec00000, GSI 0-23
[    0.000000] ACPI: INT_SRC_OVR (bus 0 bus_irq 0 global_irq 2 dfl dfl)
[    0.000000] ACPI: INT_SRC_OVR (bus 0 bus_irq 9 global_irq 9 low level)
[    0.000000] Using ACPI (MADT) for SMP configuration information
[    0.000000] smpboot: Allowing 2 CPUs, 0 hotplug CPUs
[    0.000000] PM: Registered nosave memory: [mem 0x00000000-0x00000fff]
[    0.000000] PM: Registered nosave memory: [mem 0x0009f000-0x0009ffff]
[    0.000000] PM: Registered nosave memory: [mem 0x000a0000-0x000effff]
[    0.000000] PM: Registered nosave memory: [mem 0x000f0000-0x000fffff]
[    0.000000] e820: [mem 0x40000000-0xfebfffff] available for PCI devices
[    0.000000] Booting paravirtualized kernel on KVM
[    0.000000] clocksource: refined-jiffies: mask: 0xffffffff max_cycles: 0xffffffff, max_idle_ns: 7645519600211568 ns
[    0.000000] setup_percpu: NR_CPUS:512 nr_cpumask_bits:512 nr_cpu_ids:2 nr_node_ids:1
[    0.000000] PERCPU: Embedded 33 pages/cpu @ffff88003fc00000 s95192 r8192 d31784 u1048576
[    0.000000] Built 1 zonelists in Node order, mobility grouping on.  Total pages: 257912
[    0.000000] Policy zone: DMA32
[    0.000000] Kernel command line: BOOT_IMAGE=/boot/vmlinuz-4.4.0-210-generic root=LABEL=cloudimg-rootfs ro console=tty1 console=ttyS0
[    0.000000] PID hash table entries: 4096 (order: 3, 32768 bytes)
[    0.000000] Memory: 997792K/1048120K available (8644K kernel code, 1332K rwdata, 4044K rodata, 1492K init, 1164K bss, 50328K reserved, 0K cma-reserved)
[    0.000000] SLUB: HWalign=64, Order=0-3, MinObjects=0, CPUs=2, Nodes=1
[    0.000000] Hierarchical RCU implementation.
[    0.000000] 	Build-time adjustment of leaf fanout to 64.
[    0.000000] 	RCU restricting CPUs from NR_CPUS=512 to nr_cpu_ids=2.
[    0.000000] RCU: Adjusting geometry for rcu_fanout_leaf=64, nr_cpu_ids=2
[    0.000000] NR_IRQS:33024 nr_irqs:440 16
[    0.000000] Console: colour VGA+ 80x25
[    0.000000] console [tty1] enabled
[    0.000000] console [ttyS0] enabled
[    0.000000] tsc: Detected 2096.058 MHz processor
[    0.151233] Calibrating delay loop (skipped) preset value.. 4192.11 BogoMIPS (lpj=8384232)
[    0.153042] pid_max: default: 32768 minimum: 301
[    0.153968] ACPI: Core revision 20150930
[    0.155612] ACPI: 2 ACPI AML tables successfully acquired and loaded
[    0.157277] Security Framework initialized
[    0.158352] Yama: becoming mindful.
[    0.159093] AppArmor: AppArmor initialized
[    0.159963] Dentry cache hash table entries: 131072 (order: 8, 1048576 bytes)
[    0.161332] Inode-cache hash table entries: 65536 (order: 7, 524288 bytes)
[    0.163729] Mount-cache hash table entries: 2048 (order: 2, 16384 bytes)
[    0.165216] Mountpoint-cache hash table entries: 2048 (order: 2, 16384 bytes)
[    0.167093] Initializing cgroup subsys io
[    0.168506] Initializing cgroup subsys memory
[    0.169846] Initializing cgroup subsys devices
[    0.170909] Initializing cgroup subsys freezer
[    0.171841] Initializing cgroup subsys net_cls
[    0.172613] Initializing cgroup subsys perf_event
[    0.173644] Initializing cgroup subsys net_prio
[    0.174692] Initializing cgroup subsys hugetlb
[    0.175605] Initializing cgroup subsys pids
[    0.188960] mce: CPU supports 0 MCE banks
[    0.190218] Last level iTLB entries: 4KB 1024, 2MB 1024, 4MB 512
[    0.191601] Last level dTLB entries: 4KB 1536, 2MB 1536, 4MB 768, 1GB 0
[    0.192934] Spectre V1 : Mitigation: usercopy/swapgs barriers and __user pointer sanitization
[    0.194834] Spectre V2 : Spectre mitigation: LFENCE not serializing, switching to generic retpoline
[    0.197008] Spectre V2 : Mitigation: Full generic retpoline
[    0.198185] Spectre V2 : Spectre v2 / SpectreRSB mitigation: Filling RSB on context switch
[    0.202471] Freeing SMP alternatives memory: 36K
[    0.212302] ftrace: allocating 32380 entries in 127 pages
[    0.285819] smpboot: APIC(0) Converting physical 0 to logical package 0
[    0.287590] smpboot: Max logical packages: 1
[    0.289095] x2apic enabled
[    0.289993] Switched APIC routing to physical x2apic.
[    0.292019] ..TIMER: vector=0x30 apic1=0 pin1=2 apic2=-1 pin2=-1
[    0.401272] APIC calibration not consistent with PM-Timer: 110ms instead of 100ms
[    0.402828] APIC delta adjusted to PM-Timer: 6295284 (6931260)
[    0.404256] smpboot: CPU0: AMD Ryzen 5 3500U with Radeon Vega Mobile Gfx (family: 0x17, model: 0x18, stepping: 0x1)
[    0.406792] Performance Events: Broken PMU hardware detected, using software events only.
[    0.408660] Failed to access perfctr msr (MSR c0010007 is 0)
[    0.416353] KVM setup paravirtual spinlock
[    0.417996] x86: Booting SMP configuration:
[    0.418792] .... node  #0, CPUs:      #1
[    0.420088] kvm-clock: cpu 1, msr 0:3ffe3041, secondary cpu clock
[    0.433444] mce: CPU supports 0 MCE banks
[    0.436062] x86: Booted up 1 node, 2 CPUs
[    0.437262] smpboot: Total of 2 processors activated (8384.23 BogoMIPS)
[    0.439169] devtmpfs: initialized
[    0.442084] evm: security.selinux
[    0.443023] evm: security.SMACK64
[    0.443854] evm: security.SMACK64EXEC
[    0.444797] evm: security.SMACK64TRANSMUTE
[    0.445796] evm: security.SMACK64MMAP
[    0.446792] evm: security.ima
[    0.447547] evm: security.capability
[    0.450412] clocksource: jiffies: mask: 0xffffffff max_cycles: 0xffffffff, max_idle_ns: 7645041785100000 ns
[    0.452721] futex hash table entries: 512 (order: 3, 32768 bytes)
[    0.454642] pinctrl core: initialized pinctrl subsystem
[    0.455967] RTC time: 13:24:27, date: 10/19/22
[    0.457495] NET: Registered protocol family 16
[    0.469581] cpuidle: using governor ladder
[    0.483247] cpuidle: using governor menu
[    0.484050] PCCT header not found.
[    0.485240] ACPI: bus type PCI registered
[    0.486377] acpiphp: ACPI Hot Plug PCI Controller Driver version: 0.5
[    0.488229] PCI: Using configuration type 1 for base access
[    0.489464] PCI: Using configuration type 1 for extended access
[    0.501629] ACPI: Added _OSI(Module Device)
[    0.502873] ACPI: Added _OSI(Processor Device)
[    0.503875] ACPI: Added _OSI(3.0 _SCP Extensions)
[    0.505231] ACPI: Added _OSI(Processor Aggregator Device)
[    0.508001] ACPI: Executed 1 blocks of module-level executable AML code
[    0.511510] ACPI: Interpreter enabled
[    0.512242] ACPI: (supports S0 S5)
[    0.512925] ACPI: Using IOAPIC for interrupt routing
[    0.513991] PCI: Using host bridge windows from ACPI; if necessary, use "pci=nocrs" and report a bug
[    0.518718] ACPI: PCI Root Bridge [PCI0] (domain 0000 [bus 00-ff])
[    0.520406] acpi PNP0A03:00: _OSC: OS supports [ExtendedConfig ASPM ClockPM Segments MSI]
[    0.523058] acpi PNP0A03:00: _OSC: platform does not support [PCIeCapability]
[    0.524882] acpi PNP0A03:00: _OSC: not requesting control; platform does not support [PCIeCapability]
[    0.526798] acpi PNP0A03:00: _OSC: OS requested [PCIeHotplug PME AER PCIeCapability]
[    0.528871] acpi PNP0A03:00: _OSC: platform willing to grant [PCIeHotplug PME AER]
[    0.530336] acpi PNP0A03:00: _OSC failed (AE_SUPPORT); disabling ASPM
[    0.531987] PCI host bridge to bus 0000:00
[    0.542023] pci_bus 0000:00: root bus resource [io  0x0000-0x0cf7 window]
[    0.543418] pci_bus 0000:00: root bus resource [io  0x0d00-0xffff window]
[    0.544647] pci_bus 0000:00: root bus resource [mem 0x000a0000-0x000bffff window]
[    0.546300] pci_bus 0000:00: root bus resource [mem 0x40000000-0xfdffffff window]
[    0.547860] pci_bus 0000:00: root bus resource [bus 00-ff]
[    0.551288] pci 0000:00:01.1: legacy IDE quirk: reg 0x10: [io  0x01f0-0x01f7]
[    0.553014] pci 0000:00:01.1: legacy IDE quirk: reg 0x14: [io  0x03f6]
[    0.554718] pci 0000:00:01.1: legacy IDE quirk: reg 0x18: [io  0x0170-0x0177]
[    0.555923] pci 0000:00:01.1: legacy IDE quirk: reg 0x1c: [io  0x0376]
[    0.578846] pci 0000:00:07.0: quirk: [io  0x4000-0x403f] claimed by PIIX4 ACPI
[    0.580275] pci 0000:00:07.0: quirk: [io  0x4100-0x410f] claimed by PIIX4 SMB
[    0.597423] ACPI: PCI Interrupt Link [LNKA] (IRQs 5 9 10 *11)
[    0.599178] ACPI: PCI Interrupt Link [LNKB] (IRQs 5 9 *10 11)
[    0.600701] ACPI: PCI Interrupt Link [LNKC] (IRQs 5 *9 10 11)
[    0.602268] ACPI: PCI Interrupt Link [LNKD] (IRQs 5 9 10 *11)
[    0.604311] ACPI: Enabled 2 GPEs in block 00 to 07
[    0.605631] vgaarb: setting as boot device: PCI:0000:00:02.0
[    0.606936] vgaarb: device added: PCI:0000:00:02.0,decodes=io+mem,owns=io+mem,locks=none
[    0.609107] vgaarb: loaded
[    0.609696] vgaarb: bridge control possible 0000:00:02.0
[    0.610884] SCSI subsystem initialized
[    0.611916] ACPI: bus type USB registered
[    0.612939] usbcore: registered new interface driver usbfs
[    0.614135] usbcore: registered new interface driver hub
[    0.615083] usbcore: registered new device driver usb
[    0.616288] PCI: Using ACPI for IRQ routing
[    0.617408] NetLabel: Initializing
[    0.618163] NetLabel:  domain hash size = 128
[    0.619035] NetLabel:  protocols = UNLABELED CIPSOv4
[    0.620271] NetLabel:  unlabeled traffic allowed by default
[    0.621557] amd_nb: Cannot enumerate AMD northbridges
[    0.622514] clocksource: Switched to clocksource kvm-clock
[    0.631752] AppArmor: AppArmor Filesystem Enabled
[    0.632781] pnp: PnP ACPI init
[    0.634220] pnp: PnP ACPI: found 3 devices
[    0.644657] clocksource: acpi_pm: mask: 0xffffff max_cycles: 0xffffff, max_idle_ns: 2085701024 ns
[    0.646228] NET: Registered protocol family 2
[    0.647566] TCP established hash table entries: 8192 (order: 4, 65536 bytes)
[    0.648869] TCP bind hash table entries: 8192 (order: 5, 131072 bytes)
[    0.649976] TCP: Hash tables configured (established 8192 bind 8192)
[    0.651105] UDP hash table entries: 512 (order: 2, 16384 bytes)
[    0.652169] UDP-Lite hash table entries: 512 (order: 2, 16384 bytes)
[    0.654159] NET: Registered protocol family 1
[    0.655547] pci 0000:00:00.0: Limiting direct PCI/PCI transfers
[    0.656880] pci 0000:00:01.0: Activating ISA DMA hang workarounds
[    0.659980] Unpacking initramfs...
[    0.894358] Freeing initrd memory: 14888K
[    0.895302] clocksource: tsc: mask: 0xffffffffffffffff max_cycles: 0x1e36a4bd495, max_idle_ns: 440795229998 ns
[    0.896907] platform rtc_cmos: registered platform RTC device (no PNP device found)
[    0.898705] Scanning for low memory corruption every 60 seconds
[    0.900449] audit: initializing netlink subsys (disabled)
[    0.901926] audit: type=2000 audit(1666185872.656:1): initialized
[    0.903727] Initialise system trusted keyring
[    0.905242] HugeTLB registered 2 MB page size, pre-allocated 0 pages
[    0.908081] zbud: loaded
[    0.909415] VFS: Disk quotas dquot_6.6.0
[    0.910358] VFS: Dquot-cache hash table entries: 512 (order 0, 4096 bytes)
[    0.912120] squashfs: version 4.0 (2009/01/31) Phillip Lougher
[    0.915206] fuse init (API version 7.23)
[    0.916467] Key type big_key registered
[    0.917528] Allocating IMA MOK and blacklist keyrings.
[    0.920193] Key type asymmetric registered
[    0.921042] Asymmetric key parser 'x509' registered
[    0.922940] Block layer SCSI generic (bsg) driver version 0.4 loaded (major 249)
[    0.924985] io scheduler noop registered
[    0.925967] io scheduler deadline registered (default)
[    0.927345] io scheduler cfq registered
[    0.928449] pci_hotplug: PCI Hot Plug PCI Core version: 0.5
[    0.930006] pciehp: PCI Express Hot Plug Controller Driver version: 0.4
[    0.931664] ACPI: AC Adapter [AC] (on-line)
[    0.932748] input: Power Button as /devices/LNXSYSTM:00/LNXPWRBN:00/input/input0
[    0.934689] ACPI: Power Button [PWRF]
[    0.935622] input: Sleep Button as /devices/LNXSYSTM:00/LNXSLPBN:00/input/input1
[    0.937150] ACPI: Sleep Button [SLPF]
[    0.938137] GHES: HEST is not enabled!
[    0.938733] ACPI: Battery Slot [BAT0] (battery present)
[    0.940471] Serial: 8250/16550 driver, 32 ports, IRQ sharing enabled
[    0.962147] 00:02: ttyS0 at I/O 0x3f8 (irq = 4, base_baud = 115200) is a 16550A
[    0.965994] Linux agpgart interface v0.103
[    0.969206] loop: module loaded
[    0.970738] scsi host0: ata_piix
[    0.971881] scsi host1: ata_piix
[    0.972700] ata1: PATA max UDMA/33 cmd 0x1f0 ctl 0x3f6 bmdma 0xd000 irq 14
[    0.973906] ata2: PATA max UDMA/33 cmd 0x170 ctl 0x376 bmdma 0xd008 irq 15
[    0.975089] libphy: Fixed MDIO Bus: probed
[    0.975867] tun: Universal TUN/TAP device driver, 1.6
[    0.976703] tun: (C) 1999-2004 Max Krasnyansky <maxk@qualcomm.com>
[    0.977804] PPP generic driver version 2.4.2
[    0.978697] ehci_hcd: USB 2.0 'Enhanced' Host Controller (EHCI) Driver
[    0.979730] ehci-pci: EHCI PCI platform driver
[    0.980539] ehci-platform: EHCI generic platform driver
[    0.981537] ohci_hcd: USB 1.1 'Open' Host Controller (OHCI) Driver
[    0.982592] ohci-pci: OHCI PCI platform driver
[    0.983474] ohci-platform: OHCI generic platform driver
[    0.984376] uhci_hcd: USB Universal Host Controller Interface driver
[    0.985842] i8042: PNP: PS/2 Controller [PNP0303:PS2K,PNP0f03:PS2M] at 0x60,0x64 irq 1,12
[    0.989778] serio: i8042 KBD port at 0x60,0x64 irq 1
[    0.991263] serio: i8042 AUX port at 0x60,0x64 irq 12
[    0.993862] mousedev: PS/2 mouse device common for all mice
[    0.996023] input: AT Translated Set 2 keyboard as /devices/platform/i8042/serio0/input/input2
[    0.998114] rtc_cmos rtc_cmos: rtc core: registered rtc_cmos as rtc0
[    0.999459] rtc_cmos rtc_cmos: alarms up to one day, 114 bytes nvram
[    1.000527] i2c /dev entries driver
[    1.001271] device-mapper: uevent: version 1.0.3
[    1.002247] device-mapper: ioctl: 4.34.0-ioctl (2015-10-28) initialised: dm-devel@redhat.com
[    1.004217] ledtrig-cpu: registered to indicate activity on CPUs
[    1.006345] NET: Registered protocol family 10
[    1.008269] NET: Registered protocol family 17
[    1.009382] Key type dns_resolver registered
[    1.010835] registered taskstats version 1
[    1.011629] Loading compiled-in X.509 certificates
[    1.012985] Loaded X.509 cert 'Build time autogenerated kernel key: cf00e047681d67edb2720680708b7d9498083038'
[    1.014840] zswap: loaded using pool lzo/zbud
[    1.017779] Key type trusted registered
[    1.021940] Key type encrypted registered
[    1.022988] AppArmor: AppArmor sha1 policy hashing enabled
[    1.024259] ima: No TPM chip found, activating TPM-bypass!
[    1.025426] ima: Allocated hash algorithm: sha1
[    1.026250] evm: HMAC attrs: 0x1
[    1.027360]   Magic number: 10:206:433
[    1.028746] rtc_cmos rtc_cmos: setting system clock to 2022-10-19 13:24:28 UTC (1666185868)
[    1.030706] BIOS EDD facility v0.16 2004-Jun-25, 0 devices found
[    1.031932] EDD information not available.
[    1.155913] Freeing unused kernel memory: 1492K
[    1.157141] Write protecting the kernel read-only data: 14336k
[    1.159103] Freeing unused kernel memory: 1584K
[    1.160411] Freeing unused kernel memory: 52K
Loading, please wait...
starting version 229
[    1.176405] random: systemd-udevd: uninitialized urandom read (16 bytes read, 3 bits of entropy available)
[    1.179051] random: systemd-udevd: uninitialized urandom read (16 bytes read, 3 bits of entropy available)
[    1.180430] random: udevadm: uninitialized urandom read (16 bytes read, 3 bits of entropy available)
[    1.180459] random: udevadm: uninitialized urandom read (16 bytes read, 3 bits of entropy available)
[    1.185071] random: systemd-udevd: uninitialized urandom read (16 bytes read, 3 bits of entropy available)
[    1.187751] random: systemd-udevd: uninitialized urandom read (16 bytes read, 3 bits of entropy available)
[    1.190934] random: systemd-udevd: uninitialized urandom read (16 bytes read, 3 bits of entropy available)
[    1.192190] random: udevadm: uninitialized urandom read (16 bytes read, 3 bits of entropy available)
[    1.192251] random: udevadm: uninitialized urandom read (16 bytes read, 3 bits of entropy available)
[    1.192407] random: udevadm: uninitialized urandom read (16 bytes read, 3 bits of entropy available)
[    1.242377] e1000: Intel(R) PRO/1000 Network Driver - version 7.3.21-k8-NAPI
[    1.243817] e1000: Copyright (c) 1999-2006 Intel Corporation.
[    1.245276] Fusion MPT base driver 3.04.20
[    1.246356] Copyright (c) 1999-2008 LSI Corporation
[    1.258221] Fusion MPT SPI Host driver 3.04.20
[    1.270023] AVX2 version of gcm_enc/dec engaged.
[    1.272111] AES CTR mode by8 optimization enabled
[    1.456770] input: ImExPS/2 Generic Explorer Mouse as /devices/platform/i8042/serio1/input/input4
[    1.622139] e1000 0000:00:03.0 eth0: (PCI:33MHz:32-bit) 02:be:82:6b:cc:1d
[    1.623847] e1000 0000:00:03.0 eth0: Intel(R) PRO/1000 Network Connection
[    1.626057] mptbase: ioc0: Initiating bringup
[    1.691142] ioc0: LSI53C1030 A0: Capabilities={Initiator}
[    1.853063] scsi host2: ioc0: LSI53C1030 A0, FwRev=00000000h, Ports=1, MaxQ=256, IRQ=20
[    1.978178] scsi 2:0:0:0: Direct-Access     VBOX     HARDDISK         1.0  PQ: 0 ANSI: 5
[    2.003724] scsi target2:0:0: Beginning Domain Validation
[    2.006971] scsi target2:0:0: Domain Validation skipping write tests
[    2.009551] scsi target2:0:0: Ending Domain Validation
[    2.011351] scsi target2:0:0: asynchronous
[    2.013485] scsi 2:0:1:0: Direct-Access     VBOX     HARDDISK         1.0  PQ: 0 ANSI: 5
[    2.015881] scsi target2:0:1: Beginning Domain Validation
[    2.018809] scsi target2:0:1: Domain Validation skipping write tests
[    2.020399] scsi target2:0:1: Ending Domain Validation
[    2.022006] scsi target2:0:1: asynchronous
[    2.040136] sd 2:0:0:0: Attached scsi generic sg0 type 0
[    2.042547] sd 2:0:0:0: [sda] 83886080 512-byte logical blocks: (42.9 GB/40.0 GiB)
[    2.045677] sd 2:0:1:0: Attached scsi generic sg1 type 0
[    2.045745] sd 2:0:1:0: [sdb] 20480 512-byte logical blocks: (10.5 MB/10.0 MiB)
[    2.049988] sd 2:0:1:0: [sdb] Write Protect is off
[    2.051399] sd 2:0:0:0: [sda] Write Protect is off
[    2.052681] sd 2:0:1:0: [sdb] Incomplete mode parameter data
[    2.055547] sd 2:0:1:0: [sdb] Assuming drive cache: write through
[    2.057674] sd 2:0:0:0: [sda] Incomplete mode parameter data
[    2.059216] sd 2:0:0:0: [sda] Assuming drive cache: write through
[    2.062585]  sda: sda1
[    2.064631] sd 2:0:0:0: [sda] Attached SCSI disk
[    2.066417] sd 2:0:1:0: [sdb] Attached SCSI disk
[    2.716871] e1000 0000:00:08.0 eth1: (PCI:33MHz:32-bit) 08:00:27:e7:16:f6
[    2.719323] e1000 0000:00:08.0 eth1: Intel(R) PRO/1000 Network Connection
[    2.724396] e1000 0000:00:03.0 enp0s3: renamed from eth0
[    2.739480] e1000 0000:00:08.0 enp0s8: renamed from eth1
Begin: Loading essential drivers ... [    4.128042] md: linear personality registered for level -1
[    4.132438] md: multipath personality registered for level -4
[    4.135625] md: raid0 personality registered for level 0
[    4.140393] md: raid1 personality registered for level 1
[    4.210548] raid6: sse2x1   gen()  6586 MB/s
[    4.278876] raid6: sse2x1   xor()  5038 MB/s
[    4.346597] raid6: sse2x2   gen() 13152 MB/s
[    4.415027] raid6: sse2x2   xor()  8723 MB/s
[    4.483574] raid6: sse2x4   gen() 12408 MB/s
[    4.551149] raid6: sse2x4   xor()  7389 MB/s
[    4.618858] raid6: avx2x1   gen() 14250 MB/s
[    4.686528] raid6: avx2x2   gen() 15657 MB/s
[    4.755101] raid6: avx2x4   gen() 17904 MB/s
[    4.755977] raid6: using algorithm avx2x4 gen() 17904 MB/s
[    4.757008] raid6: using avx2x2 recovery algorithm
[    4.759260] xor: automatically using best checksumming function:
[    4.799021]    avx       : 10481.000 MB/sec
[    4.801079] async_tx: api initialized (async)
[    4.812263] md: raid6 personality registered for level 6
[    4.813489] md: raid5 personality registered for level 5
[    4.814519] md: raid4 personality registered for level 4
[    4.821422] md: raid10 personality registered for level 10
done.
Begin: Running /scripts/init-premount ... done.
Begin: Mounting root file system ... Begin: Running /scripts/local-top ... done.
Begin: Running /scripts/local-premount ... [    4.859063] Btrfs loaded
Scanning for Btrfs filesystems
done.
Warning: fsck not present, so skipping root file system
[    4.898821] EXT4-fs (sda1): mounted filesystem with ordered data mode. Opts: (null)
done.
Begin: Running /scripts/local-bottom ... done.
Begin: Running /scripts/init-bottom ... done.
[    4.996384] systemd[1]: systemd 229 running in system mode. (+PAM +AUDIT +SELINUX +IMA +APPARMOR +SMACK +SYSVINIT +UTMP +LIBCRYPTSETUP +GCRYPT +GNUTLS +ACL +XZ -LZ4 +SECCOMP +BLKID +ELFUTILS +KMOD -IDN)
[    4.999581] systemd[1]: Detected virtualization oracle.
[    5.000544] systemd[1]: Detected architecture x86-64.

Welcome to [1mUbuntu 16.04.7 LTS[0m!

[    5.004856] systemd[1]: Set hostname to <ubuntu-xenial>.
[    5.882688] systemd[1]: Listening on LVM2 metadata daemon socket.
[[0;32m  OK  [0m] Listening on LVM2 metadata daemon socket.
[    5.885447] systemd[1]: Created slice System Slice.
[[0;32m  OK  [0m] Created slice System Slice.
[    5.888509] systemd[1]: Created slice system-serial\x2dgetty.slice.
[[0;32m  OK  [0m] Created slice system-serial\x2dgetty.slice.
[    5.890655] systemd[1]: Listening on fsck to fsckd communication Socket.
[[0;32m  OK  [0m] Listening on fsck to fsckd communication Socket.
[    5.893135] systemd[1]: Reached target User and Group Name Lookups.
[[0;32m  OK  [0m] Reached target User and Group Name Lookups.
[    5.895647] systemd[1]: Listening on udev Kernel Socket.
[[0;32m  OK  [0m] Listening on udev Kernel Socket.
[    5.897789] systemd[1]: Started Forward Password Requests to Wall Directory Watch.
[[0;32m  OK  [0m] Started Forward Password Requests to Wall Directory Watch.
[    5.900509] systemd[1]: Started Trigger resolvconf update for networkd DNS.
[[0;32m  OK  [0m] Started Trigger resolvconf update for networkd DNS.
[    5.902763] systemd[1]: Listening on LVM2 poll daemon socket.
[[0;32m  OK  [0m] Listening on LVM2 poll daemon socket.
[    5.904722] systemd[1]: Listening on Syslog Socket.
[[0;32m  OK  [0m] Listening on Syslog Socket.
[    5.906373] systemd[1]: Reached target System Time Synchronized.
[[0;32m  OK  [0m] Reached target System Time Synchronized.
[    5.908804] systemd[1]: Listening on /dev/initctl Compatibility Named Pipe.
[[0;32m  OK  [0m] Listening on /dev/initctl Compatibility Named Pipe.
[    5.911235] systemd[1]: Reached target Swap.
[[0;32m  OK  [0m] Reached target Swap.
[    5.913605] systemd[1]: Created slice User and Session Slice.
[[0;32m  OK  [0m] Created slice User and Session Slice.
[    5.915906] systemd[1]: Reached target Slices.
[[0;32m  OK  [0m] Reached target Slices.
[    5.917940] systemd[1]: Listening on Journal Socket (/dev/log).
[[0;32m  OK  [0m] Listening on Journal Socket (/dev/log).
[    5.920741] systemd[1]: Listening on Journal Audit Socket.
[[0;32m  OK  [0m] Listening on Journal Audit Socket.
[    5.923255] systemd[1]: Set up automount Arbitrary Executable File Formats File System Automount Point.
[[0;32m  OK  [0m] Set up automount Arbitrary Executab...ats File System Automount Point.
[    5.926551] systemd[1]: Listening on udev Control Socket.
[[0;32m  OK  [0m] Listening on udev Control Socket.
[    5.928714] systemd[1]: Reached target Encrypted Volumes.
[[0;32m  OK  [0m] Reached target Encrypted Volumes.
[    5.931194] systemd[1]: Listening on Journal Socket.
[[0;32m  OK  [0m] Listening on Journal Socket.
[    5.939962] systemd[1]: Mounting Huge Pages File System...
         Mounting Huge Pages File System...
[    5.943862] systemd[1]: Starting Nameserver information manager...
         Starting Nameserver information manager...
[    5.947227] systemd[1]: Starting Uncomplicated firewall...
         Starting Uncomplicated firewall...
[    5.952371] systemd[1]: Starting Set console keymap...
         Starting Set console keymap...
[    5.957125] systemd[1]: Starting Load Kernel Modules...
         Starting Load Kernel Modules...
[    5.961188] systemd[1]: Starting Journal Service...
         Starting Journal Service...
[    5.966574] systemd[1]: Starting File System Check on Root Device...
         Starting File System Check on Root Device...
[    5.970632] systemd[1]: Starting Create list of required static device nodes for the current kernel...
         Starting Create list of required st... nodes for the current kernel...
[    5.976742] systemd[1]: Mounting POSIX Message Queue File System...
         Mounting POSIX Message Queue File System...
[    5.982510] Loading iSCSI transport class v2.0-870.
[    5.983423] systemd[1]: Mounting Debug File System...
         Mounting Debug File System...
[    5.986016] systemd[1]: Listening on Device-mapper event daemon FIFOs.
[[0;32m  OK  [0m] Listening on Device-mapper event daemon FIFOs.
[    5.989623] systemd[1]: Starting Monitoring of LVM2 mirrors, snapshots etc. using dmeventd or progress polling...
         Starting Monitoring of LVM2 mirrors... dmeventd or progress polling...
[    5.999378] systemd[1]: Mounted Huge Pages File System.
[[0;32m  OK  [0m] Mounted Huge Pages File System.
[    6.001559] systemd[1]: Mounted POSIX Message Queue File System.
[[0;32m  OK  [0[    6.002950] iscsi: registered transport (tcp)
m] Mounted POSIX Message Queue File System.
[    6.004348] systemd[1]: Mounted Debug File System.
[[0;32m  OK  [0m] Mounted Debug File System.
[    6.008620] systemd[1]: Started Uncomplicated firewall.
[[0;32m  OK  [0m] Started Uncomplicated firewall.
[    6.014500] systemd[1]: Started Create list of required static device nodes for the current kernel.
[[0;32m  OK  [0m] Started Create list of required sta...ce nodes for the current kernel.
[    6.022951] systemd[1]: Started Nameserver information manager.
[[0;32m  OK  [0m] Started Nameserver information manager.
[    6.031722] systemd[1]: Started Journal Service.
[[0;32m  OK  [0m] Started Journal Service.
[[0;32m  OK  [0m] Started File System Check Daemon to report status.
         Starting Create Static Device Nodes in /dev...
[[0;32m  OK  [0m] Started File System Check on Root Device.
[    6.078469] iscsi: registered transport (iser)
         Starting Remount Root and Kernel File Systems...
[[0;32m  OK  [0m] Started Set console keymap.
[    6.085782] EXT4-fs (sda1): re-mounted. Opts: (null)
[[0;32m  OK  [0m] Started Load Kernel Modules.
[[0;32m  OK  [0m] Started Create Static Device Nodes in /dev.
[[0;32m  OK  [0m] Started Remount Root and Kernel File Systems.
[[0;32m  OK  [0m] Started LVM2 metadata daemon.
         Starting Load/Save Random Seed...
         Starting Flush Journal to Persistent Storage...
         Starting udev Coldplug all Devices...
         Starting udev Kernel Device Manager...
         Mounting FUSE Control File System...
         Starting Apply Kernel Variables...
[[0;32m  OK  [0m] Mounted FUSE Control File System.
[[0;32m  OK  [0m] Started Load/Save Random Seed.
[    6.142177] systemd-journald[401]: Received request to flush runtime journal from PID 1
[[0;32m  OK  [0m] Started Flush Journal to Persistent Storage.
[[0;32m  OK  [0m] Started Apply Kernel Variables.
[[0;32m  OK  [0m] Started udev Kernel Device Manager.
[[0;32m  OK  [0m] Started udev Coldplug all Devices.
[[0;32m  OK  [0m] Started Dispatch Password Requests to Console Directory Watch.
[[0;32m  OK  [0m] Found device /dev/ttyS0.
[[0;32m  OK  [0m] Listening on Load/Save RF Kill Switch Status /dev/rfkill Watch.
[[0;32m  OK  [0m] Found device 82540EM Gigabit Ethern...r (PRO/1000 MT Desktop Adapter).
[[0;32m  OK  [0m] Started Monitoring of LVM2 mirrors,...ng dmeventd or progress polling.
[[0;32m  OK  [0m] Reached target Local File Systems (Pre).
[[0;32m  OK  [0m] Reached target Local File Systems.
         Starting LSB: AppArmor initialization...
         Starting Initial cloud-init job (pre-networking)...
         Starting Create Volatile Files and Directories...
         Starting Tell Plymouth To Write Out Runtime Data...
         Starting Set console font and keymap...
[[0;32m  OK  [0m] Started Tell Plymouth To Write Out Runtime Data.
[[0;32m  OK  [0m] Found device 82540EM Gigabit Ethern...r (PRO/1000 MT Desktop Adapter).
[[0;32m  OK  [0m] Started LSB: AppArmor initialization.
[[0;32m  OK  [0m] Started Create Volatile Files and Directories.
         Starting Update UTMP about System Boot/Shutdown...
         Starting Load AppArmor profiles managed internally by snapd...
[[0;32m  OK  [0m] Started Update UTMP about System Boot/Shutdown.
[[0;32m  OK  [0m] Started Load AppArmor profiles managed internally by snapd.
[[0;32m  OK  [0m] Started Set console font and keymap.
[[0;32m  OK  [0m] Created slice system-getty.slice.
[    7.699850] cloud-init[667]: Cloud-init v. 21.1-19-gbad84ad4-0ubuntu1~16.04.2 running 'init-local' at Wed, 19 Oct 2022 13:24:35 +0000. Up 7.40 seconds.
[[0;32m  OK  [0m] Started Initial cloud-init job (pre-networking).
[[0;32m  OK  [0m] Reached target Network (Pre).
[[0;32m  OK  [0m] Started ifup for enp0s3.
[[0;32m  OK  [0m] Started ifup for enp0s8.
         Starting Raise network interfaces...
[[0;32m  OK  [0m] Started Raise network interfaces.
[[0;32m  OK  [0m] Reached target Network.
         Starting Initial cloud-init job (metadata service crawler)...
[    8.595433] cloud-init[1104]: Cloud-init v. 21.1-19-gbad84ad4-0ubuntu1~16.04.2 running 'init' at Wed, 19 Oct 2022 13:24:35 +0000. Up 8.32 seconds.
[    8.597681] cloud-init[1104]: ci-info: ++++++++++++++++++++++++++++++++++++++Net device info+++++++++++++++++++++++++++++++++++++++
[    8.601276] cloud-init[1104]: ci-info: +--------+------+-----------------------------+---------------+--------+-------------------+
[    8.603818] cloud-init[1104]: ci-info: | Device |  Up  |           Address           |      Mask     | Scope  |     Hw-Address    |
[    8.605632] cloud-init[1104]: ci-info: +--------+------+-----------------------------+---------------+--------+-------------------+
[    8.607238] cloud-init[1104]: ci-info: | enp0s3 | True |          10.0.2.15          | 255.255.255.0 | global | 02:be:82:6b:cc:1d |
[    8.608770] cloud-init[1104]: ci-info: | enp0s3 | True |  fe80::be:82ff:fe6b:cc1d/64 |       .       |  link  | 02:be:82:6b:cc:1d |
[    8.610276] cloud-init[1104]: ci-info: | enp0s8 | True |        192.168.10.100       | 255.255.255.0 | global | 08:00:27:e7:16:f6 |
[    8.611871] cloud-init[1104]: ci-info: | enp0s8 | True | fe80::a00:27ff:fee7:16f6/64 |       .       |  link  | 08:00:27:e7:16:f6 |
[    8.613637] cloud-init[1104]: ci-info: |   lo   | True |          127.0.0.1          |   255.0.0.0   |  host  |         .         |
[    8.615530] cloud-init[1104]: ci-info: |   lo   | True |           ::1/128           |       .       |  host  |         .         |
[    8.624493] cloud-init[1104]: ci-info: +--------+------+-----------------------------+---------------+--------+-------------------+
[    8.626194] cloud-init[1104]: ci-info: ++++++++++++++++++++++++++++Route IPv4 info++++++++++++++++++++++++++++
[    8.627960] cloud-init[1104]: ci-info: +-------+--------------+----------+---------------+-----------+-------+
[    8.629522] cloud-init[1104]: ci-info: | Route | Destination  | Gateway  |    Genmask    | Interface | Flags |
[    8.631117] cloud-init[1104]: ci-info: +-------+--------------+----------+---------------+-----------+-------+
[    8.632855] cloud-init[1104]: ci-info: |   0   |   0.0.0.0    | 10.0.2.2 |    0.0.0.0    |   enp0s3  |   UG  |
[    8.636100] cloud-init[1104]: ci-info: |   1   |   10.0.2.0   | 0.0.0.0  | 255.255.255.0 |   enp0s3  |   U   |
[    8.637901] cloud-init[1104]: ci-info: |   2   | 192.168.10.0 | 0.0.0.0  | 255.255.255.0 |   enp0s8  |   U   |
[    8.645108] cloud-init[1104]: ci-info: +-------+--------------+----------+---------------+-----------+-------+
[    8.646680] cloud-init[1104]: ci-info: +++++++++++++++++++Route IPv6 info+++++++++++++++++++
[    8.648037] cloud-init[1104]: ci-info: +-------+-------------+---------+-----------+-------+
[    8.649770] cloud-init[1104]: ci-info: | Route | Destination | Gateway | Interface | Flags |
[    8.651640] cloud-init[1104]: ci-info: +-------+-------------+---------+-----------+-------+
[    8.653577] cloud-init[1104]: ci-info: |   0   |  fe80::/64  |    ::   |   enp0s8  |   U   |
[    8.655240] cloud-init[1104]: ci-info: |   1   |  fe80::/64  |    ::   |   enp0s3  |   U   |
[    8.656960] cloud-init[1104]: ci-info: |   4   |   ff00::/8  |    ::   |   enp0s8  |   U   |
[    8.658142] cloud-init[1104]: ci-info: |   5   |   ff00::/8  |    ::   |   enp0s3  |   U   |
[    8.659464] cloud-init[1104]: ci-info: +-------+-------------+---------+-----------+-------+
[[0;32m  OK  [0m] Started Initial cloud-init job (metadata service crawler).
[[0;32m  OK  [0m] Reached target Network is Online.
         Starting iSCSI initiator daemon (iscsid)...
[[0;32m  OK  [0m] Reached target System Initialization.
         Starting LXD - unix socket.
[[0;32m  OK  [0m] Listening on ACPID Listen Socket.
[[0;32m  OK  [0m] Started ACPI Events Check.
[[0;32m  OK  [0m] Reached target Paths.
[[0;32m  OK  [0m] Started Daily apt download activities.
[[0;32m  OK  [0m] Listening on D-Bus System Message Bus Socket.
[[0;32m  OK  [0m] Started Daily apt upgrade and clean activities.
[[0;32m  OK  [0m] Listening on UUID daemon activation socket.
         Starting Socket activation for snappy daemon.
[[0;32m  OK  [0m] Started Message of the Day.
[[0;32m  OK  [0m] Started Daily Cleanup of Temporary Directories.
[[0;32m  OK  [0m] Started Ubuntu Advantage Timer for running repeated jobs.
[[0;32m  OK  [0m] Reached target Timers.
[[0;32m  OK  [0m] Reached target Cloud-config availability.
[[0;32m  OK  [0m] Listening on LXD - unix socket.
[[0;32m  OK  [0m] Listening on Socket activation for snappy daemon.
[[0;32m  OK  [0m] Reached target Sockets.
[[0;32m  OK  [0m] Reached target Basic System.
         Starting Accounts Service...
[[0;32m  OK  [0m] Started Regular background program processing daemon.
[[0;32m  OK  [0m] Started D-Bus System Message Bus.
[[0;32m  OK  [0m] Started FUSE filesystem for LXC.
         Starting Snap Daemon...
         Starting System Logging Service...
[[0;32m  OK  [0m] Started Deferred execution scheduler.
         Starting Virtualbox guest utils...
         Starting Login Service...
         Starting /etc/rc.local Compatibility...
[[0;32m  OK  [0m] Started ACPI event daemon.
         Starting LSB: MD monitoring daemon...
         Starting OpenBSD Secure Shell server...
         Starting A high performance web server and a reverse proxy server...
         Starting LSB: Record successful boot for GRUB...
         Starting LXD - container startup/shutdown...
[[0;32m  OK  [0m] Started iSCSI initiator daemon (iscsid).
[[0;32m  OK  [0m] Started /etc/rc.local Compatibility.
         Starting Login to default iSCSI targets...
[[0;32m  OK  [0m] Started System Logging Service.
         Starting Authenticate and Authorize Users to Run Privileged Tasks...
[[0;32m  OK  [0m] Started Login Service.
[[0;32m  OK  [0m] Started Unattended Upgrades Shutdown.
[[0;32m  OK  [0m] Started LSB: MD monitoring daemon.
[[0;32m  OK  [0m] Started Login to default iSCSI targets.
[[0;32m  OK  [0m] Reached target Remote File Systems (Pre).
         Mounting /home/vagrant/app...
[[0;32m  OK  [0m] Started LSB: Record successful boot for GRUB.
[[0;32m  OK  [0m] Started OpenBSD Secure Shell server.
[[0;32m  OK  [0m] Started Authenticate and Authorize Users to Run Privileged Tasks.
[[0;32m  OK  [0m] Started Accounts Service.
[[0;1;31mFAILED[0m] Failed to mount /home/vagrant/app.
See 'systemctl status home-vagrant-app.mount' for details.
[[0;1;33mDEPEND[0m] Dependency failed for Remote File Systems.
         Starting LSB: Set the CPU Frequency Scaling governor to "ondemand"...
         Starting LSB: daemon to balance interrupts for SMP systems...
         Starting Permit User Sessions...
         Starting LSB: automatic crash report generation...
[[0;32m  OK  [0m] Started Permit User Sessions.
         Starting Terminate Plymouth Boot Screen...
         Starting Hold until boot process finishes up...
[[0;32m  OK  [0m] Started Terminate Plymouth Boot Screen.
[[0;32m  OK  [0m] Started Hold until boot process finishes up.
[[0;32m  OK  [0m] Started Serial Getty on ttyS0.
[[0;32m  OK  [0m] Started Getty on tty1.
[[0;32m  OK  [0m] Reached target Login Prompts.
         Starting Set console scheme...
[[0;32m  OK  [0m] Started Virtualbox guest utils.
[[0;32m  OK  [0m] Started Set console scheme.
[[0;32m  OK  [0m] Started LSB: Set the CPU Frequency Scaling governor to "ondemand".
[[0;32m  OK  [0m] Started LXD - container startup/shutdown.
[[0;32m  OK  [0m] Started LSB: daemon to balance interrupts for SMP systems.
[[0;32m  OK  [0m] Started LSB: automatic crash report generation.
[[0;32m  OK  [0m] Started A high performance web server and a reverse proxy server.
[[0;32m  OK  [0m] Started Snap Daemon.
         Starting Wait until snapd is fully seeded...
[[0;32m  OK  [0m] Started Wait until snapd is fully seeded.
         Starting Apply the settings specified in cloud-config...
[    9.724318] cloud-init[1370]: Cloud-init v. 21.1-19-gbad84ad4-0ubuntu1~16.04.2 running 'modules:config' at Wed, 19 Oct 2022 13:24:37 +0000. Up 9.61 seconds.
[[0;32m  OK  [0m] Started Apply the settings specified in cloud-config.
         Starting cloud-id shim...
[[0;32m  OK  [0m] Started cloud-id shim.
[[0;32m  OK  [0m] Reached target Multi-User System.
[[0;32m  OK  [0m] Reached target Graphical Interface.
         Starting Update UTMP about System Runlevel Changes...
         Starting Execute cloud user/final scripts...
[[0;32m  OK  [0m] Started Update UTMP about System Runlevel Changes.
[   10.541052] cloud-init[1390]: Cloud-init v. 21.1-19-gbad84ad4-0ubuntu1~16.04.2 running 'modules:final' at Wed, 19 Oct 2022 13:24:38 +0000. Up 10.41 seconds.
[   10.548792] cloud-init[1390]: Cloud-init v. 21.1-19-gbad84ad4-0ubuntu1~16.04.2 finished at Wed, 19 Oct 2022 13:24:38 +0000. Datasource DataSourceNoCloud [seed=/dev/sdb][dsmode=net].  Up 10.53 seconds
[[0;32m  OK  [0m] Started Execute cloud user/final scripts.
[[0;32m  OK  [0m] Reached target Cloud-init target.

Ubuntu 16.04.7 LTS ubuntu-xenial ttyS0

ubuntu-xenial login: 